../Core/Src/mcp2515.c:14:6:startSPI	16	static
../Core/Src/mcp2515.c:18:6:endSPI	16	static
../Core/Src/mcp2515.c:22:9:SPI_transfer	32	static
../Core/Src/mcp2515.c:28:6:setRegister	16	static
../Core/Src/mcp2515.c:37:6:setRegisters	32	static
../Core/Src/mcp2515.c:50:6:loadTx	32	static
../Core/Src/mcp2515.c:62:6:modifyRegister	16	static
../Core/Src/mcp2515.c:72:9:readRegister	24	static
../Core/Src/mcp2515.c:83:6:readRegisters	40	static
../Core/Src/mcp2515.c:96:6:readRx	40	static
../Core/Src/mcp2515.c:107:11:setMode	32	static
../Core/Src/mcp2515.c:127:11:setConfigMode	16	static
../Core/Src/mcp2515.c:132:6:prepareId	32	static
../Core/Src/mcp2515.c:152:9:MCP_getStatus	24	static
../Core/Src/mcp2515.c:161:11:MCP_setFilterMask	32	static
../Core/Src/mcp2515.c:184:11:MCP_setFilter	32	static
../Core/Src/mcp2515.c:211:11:MCP2515_reset	56	static
../Core/Src/mcp2515.c:263:11:MCP_reset	56	static
../Core/Src/mcp2515.c:314:11:MCP_setMode	24	static
../Core/Src/mcp2515.c:333:11:MCP_setBitrate	24	static
../Core/Src/mcp2515.c:627:6:MCP_RequestToSend	16	static
../Core/Src/mcp2515.c:634:11:MCP_sendMessageTo	56	static
../Core/Src/mcp2515.c:677:11:MCP_sendMessage	24	static
../Core/Src/mcp2515.c:694:11:MCP_readMessageFrom	48	static
../Core/Src/mcp2515.c:744:11:MCP_readMessage	24	static
../Core/Src/mcp2515.c:760:9:MCP_checkReceive	24	static
../Core/Src/mcp2515.c:770:9:MCP_getErrorFlags	16	static
../Core/Src/mcp2515.c:775:9:MCP_checkError	24	static
../Core/Src/mcp2515.c:787:6:MCP_clearRXnOVRFlags	16	static
../Core/Src/mcp2515.c:792:9:MCP_getInterrupts	16	static
../Core/Src/mcp2515.c:797:6:MCP_clearInterrupts	16	static
../Core/Src/mcp2515.c:802:9:MCP_getInterruptMask	16	static
../Core/Src/mcp2515.c:807:6:MCP_clearTXInterrupts	16	static
../Core/Src/mcp2515.c:812:6:MCP_clearRXnOVR	24	static
../Core/Src/mcp2515.c:823:6:MCP_clearMERR	16	static
../Core/Src/mcp2515.c:830:6:MCP_clearERRIF	16	static
