Archive member included to satisfy reference by file (symbol)

C:/ST/STM32CubeIDE_2.0.0/STM32CubeIDE/plugins/com.st.stm32cube.ide.mcu.externaltools.gnu-tools-for-stm32.13.3.rel1.win32_1.0.100.202509120712/tools/bin/../lib/gcc/arm-none-eabi/13.3.1/../../../../arm-none-eabi/lib/thumb/v7e-m+fp/hard\libc_nano.a(libc_a-exit.o)
                              C:/ST/STM32CubeIDE_2.0.0/STM32CubeIDE/plugins/com.st.stm32cube.ide.mcu.externaltools.gnu-tools-for-stm32.13.3.rel1.win32_1.0.100.202509120712/tools/bin/../lib/gcc/arm-none-eabi/13.3.1/../../../../arm-none-eabi/lib/thumb/v7e-m+fp/hard/crt0.o (exit)
C:/ST/STM32CubeIDE_2.0.0/STM32CubeIDE/plugins/com.st.stm32cube.ide.mcu.externaltools.gnu-tools-for-stm32.13.3.rel1.win32_1.0.100.202509120712/tools/bin/../lib/gcc/arm-none-eabi/13.3.1/../../../../arm-none-eabi/lib/thumb/v7e-m+fp/hard\libc_nano.a(libc_a-findfp.o)
                              C:/ST/STM32CubeIDE_2.0.0/STM32CubeIDE/plugins/com.st.stm32cube.ide.mcu.externaltools.gnu-tools-for-stm32.13.3.rel1.win32_1.0.100.202509120712/tools/bin/../lib/gcc/arm-none-eabi/13.3.1/../../../../arm-none-eabi/lib/thumb/v7e-m+fp/hard\libc_nano.a(libc_a-exit.o) (__stdio_exit_handler)
C:/ST/STM32CubeIDE_2.0.0/STM32CubeIDE/plugins/com.st.stm32cube.ide.mcu.externaltools.gnu-tools-for-stm32.13.3.rel1.win32_1.0.100.202509120712/tools/bin/../lib/gcc/arm-none-eabi/13.3.1/../../../../arm-none-eabi/lib/thumb/v7e-m+fp/hard\libc_nano.a(libc_a-fwalk.o)
                              C:/ST/STM32CubeIDE_2.0.0/STM32CubeIDE/plugins/com.st.stm32cube.ide.mcu.externaltools.gnu-tools-for-stm32.13.3.rel1.win32_1.0.100.202509120712/tools/bin/../lib/gcc/arm-none-eabi/13.3.1/../../../../arm-none-eabi/lib/thumb/v7e-m+fp/hard\libc_nano.a(libc_a-findfp.o) (_fwalk_sglue)
C:/ST/STM32CubeIDE_2.0.0/STM32CubeIDE/plugins/com.st.stm32cube.ide.mcu.externaltools.gnu-tools-for-stm32.13.3.rel1.win32_1.0.100.202509120712/tools/bin/../lib/gcc/arm-none-eabi/13.3.1/../../../../arm-none-eabi/lib/thumb/v7e-m+fp/hard\libc_nano.a(libc_a-stdio.o)
                              C:/ST/STM32CubeIDE_2.0.0/STM32CubeIDE/plugins/com.st.stm32cube.ide.mcu.externaltools.gnu-tools-for-stm32.13.3.rel1.win32_1.0.100.202509120712/tools/bin/../lib/gcc/arm-none-eabi/13.3.1/../../../../arm-none-eabi/lib/thumb/v7e-m+fp/hard\libc_nano.a(libc_a-findfp.o) (__sread)
C:/ST/STM32CubeIDE_2.0.0/STM32CubeIDE/plugins/com.st.stm32cube.ide.mcu.externaltools.gnu-tools-for-stm32.13.3.rel1.win32_1.0.100.202509120712/tools/bin/../lib/gcc/arm-none-eabi/13.3.1/../../../../arm-none-eabi/lib/thumb/v7e-m+fp/hard\libc_nano.a(libc_a-memset.o)
                              C:/ST/STM32CubeIDE_2.0.0/STM32CubeIDE/plugins/com.st.stm32cube.ide.mcu.externaltools.gnu-tools-for-stm32.13.3.rel1.win32_1.0.100.202509120712/tools/bin/../lib/gcc/arm-none-eabi/13.3.1/../../../../arm-none-eabi/lib/thumb/v7e-m+fp/hard/crt0.o (memset)
C:/ST/STM32CubeIDE_2.0.0/STM32CubeIDE/plugins/com.st.stm32cube.ide.mcu.externaltools.gnu-tools-for-stm32.13.3.rel1.win32_1.0.100.202509120712/tools/bin/../lib/gcc/arm-none-eabi/13.3.1/../../../../arm-none-eabi/lib/thumb/v7e-m+fp/hard\libc_nano.a(libc_a-closer.o)
                              C:/ST/STM32CubeIDE_2.0.0/STM32CubeIDE/plugins/com.st.stm32cube.ide.mcu.externaltools.gnu-tools-for-stm32.13.3.rel1.win32_1.0.100.202509120712/tools/bin/../lib/gcc/arm-none-eabi/13.3.1/../../../../arm-none-eabi/lib/thumb/v7e-m+fp/hard\libc_nano.a(libc_a-stdio.o) (_close_r)
C:/ST/STM32CubeIDE_2.0.0/STM32CubeIDE/plugins/com.st.stm32cube.ide.mcu.externaltools.gnu-tools-for-stm32.13.3.rel1.win32_1.0.100.202509120712/tools/bin/../lib/gcc/arm-none-eabi/13.3.1/../../../../arm-none-eabi/lib/thumb/v7e-m+fp/hard\libc_nano.a(libc_a-reent.o)
                              C:/ST/STM32CubeIDE_2.0.0/STM32CubeIDE/plugins/com.st.stm32cube.ide.mcu.externaltools.gnu-tools-for-stm32.13.3.rel1.win32_1.0.100.202509120712/tools/bin/../lib/gcc/arm-none-eabi/13.3.1/../../../../arm-none-eabi/lib/thumb/v7e-m+fp/hard\libc_nano.a(libc_a-closer.o) (errno)
C:/ST/STM32CubeIDE_2.0.0/STM32CubeIDE/plugins/com.st.stm32cube.ide.mcu.externaltools.gnu-tools-for-stm32.13.3.rel1.win32_1.0.100.202509120712/tools/bin/../lib/gcc/arm-none-eabi/13.3.1/../../../../arm-none-eabi/lib/thumb/v7e-m+fp/hard\libc_nano.a(libc_a-impure.o)
                              C:/ST/STM32CubeIDE_2.0.0/STM32CubeIDE/plugins/com.st.stm32cube.ide.mcu.externaltools.gnu-tools-for-stm32.13.3.rel1.win32_1.0.100.202509120712/tools/bin/../lib/gcc/arm-none-eabi/13.3.1/../../../../arm-none-eabi/lib/thumb/v7e-m+fp/hard\libc_nano.a(libc_a-reent.o) (_impure_ptr)
C:/ST/STM32CubeIDE_2.0.0/STM32CubeIDE/plugins/com.st.stm32cube.ide.mcu.externaltools.gnu-tools-for-stm32.13.3.rel1.win32_1.0.100.202509120712/tools/bin/../lib/gcc/arm-none-eabi/13.3.1/../../../../arm-none-eabi/lib/thumb/v7e-m+fp/hard\libc_nano.a(libc_a-lseekr.o)
[...]
Memory Configuration

Name             Origin             Length             Attributes
RAM              0x20000000         0x00020000         xrw
FLASH            0x08000000         0x00080000         xr
*default*        0x00000000         0xffffffff

Linker script and memory map

LOAD C:/ST/STM32CubeIDE_2.0.0/STM32CubeIDE/plugins/com.st.stm32cube.ide.mcu.externaltools.gnu-tools-for-stm32.13.3.rel1.win32_1.0.100.202509120712/tools/bin/../lib/gcc/arm-none-eabi/13.3.1/thumb/v7e-m+fp/hard/crti.o
LOAD C:/ST/STM32CubeIDE_2.0.0/STM32CubeIDE/plugins/com.st.stm32cube.ide.mcu.externaltools.gnu-tools-for-stm32.13.3.rel1.win32_1.0.100.202509120712/tools/bin/../lib/gcc/arm-none-eabi/13.3.1/thumb/v7e-m+fp/hard/crtbegin.o
LOAD C:/ST/STM32CubeIDE_2.0.0/STM32CubeIDE/plugins/com.st.stm32cube.ide.mcu.externaltools.gnu-tools-for-stm32.13.3.rel1.win32_1.0.100.202509120712/tools/bin/../lib/gcc/arm-none-eabi/13.3.1/../../../../arm-none-eabi/lib/thumb/v7e-m+fp/hard/crt0.o
LOAD ./Core/Src/gpio.o
LOAD ./Core/Src/hrtim.o
LOAD ./Core/Src/main.o
LOAD ./Core/Src/mcp2515.o
LOAD ./Core/Src/spi.o
LOAD ./Core/Src/stm32g4xx_hal_msp.o
LOAD ./Core/Src/stm32g4xx_it.o
LOAD ./Core/Src/syscalls.o
LOAD ./Core/Src/sysmem.o
LOAD ./Core/Src/system_stm32g4xx.o
LOAD ./Core/Startup/startup_stm32g474ceux.o
LOAD ./Drivers/STM32G4xx_HAL_Driver/Src/stm32g4xx_hal.o
LOAD ./Drivers/STM32G4xx_HAL_Driver/Src/stm32g4xx_hal_cortex.o
LOAD ./Drivers/STM32G4xx_HAL_Driver/Src/stm32g4xx_hal_dma.o
LOAD ./Drivers/STM32G4xx_HAL_Driver/Src/stm32g4xx_hal_dma_ex.o
LOAD ./Drivers/STM32G4xx_HAL_Driver/Src/stm32g4xx_hal_exti.o
LOAD ./Drivers/STM32G4xx_HAL_Driver/Src/stm32g4xx_hal_flash.o
LOAD ./Drivers/STM32G4xx_HAL_Driver/Src/stm32g4xx_hal_flash_ex.o
LOAD ./Drivers/STM32G4xx_HAL_Driver/Src/stm32g4xx_hal_flash_ramfunc.o
LOAD ./Drivers/STM32G4xx_HAL_Driver/Src/stm32g4xx_hal_gpio.o
LOAD ./Drivers/STM32G4xx_HAL_Driver/Src/stm32g4xx_hal_hrtim.o
LOAD ./Drivers/STM32G4xx_HAL_Driver/Src/stm32g4xx_hal_pwr.o
LOAD ./Drivers/STM32G4xx_HAL_Driver/Src/stm32g4xx_hal_pwr_ex.o
LOAD ./Drivers/STM32G4xx_HAL_Driver/Src/stm32g4xx_hal_rcc.o
LOAD ./Drivers/STM32G4xx_HAL_Driver/Src/stm32g4xx_hal_rcc_ex.o
LOAD ./Drivers/STM32G4xx_HAL_Driver/Src/stm32g4xx_hal_spi.o
LOAD ./Drivers/STM32G4xx_HAL_Driver/Src/stm32g4xx_hal_spi_ex.o
START GROUP
LOAD C:/ST/STM32CubeIDE_2.0.0/STM32CubeIDE/plugins/com.st.stm32cube.ide.mcu.externaltools.gnu-tools-for-stm32.13.3.rel1.win32_1.0.100.202509120712/tools/bin/../lib/gcc/arm-none-eabi/13.3.1/../../../../arm-none-eabi/lib/thumb/v7e-m+fp/hard\libc_nano.a
LOAD C:/ST/STM32CubeIDE_2.0.0/STM32CubeIDE/plugins/com.st.stm32cube.ide.mcu.externaltools.gnu-tools-for-stm32.13.3.rel1.win32_1.0.100.202509120712/tools/bin/../lib/gcc/arm-none-eabi/13.3.1/../../../../arm-none-eabi/lib/thumb/v7e-m+fp/hard\libm.a
END GROUP
START GROUP
LOAD C:/ST/STM32CubeIDE_2.0.0/STM32CubeIDE/plugins/com.st.stm32cube.ide.mcu.externaltools.gnu-tools-for-stm32.13.3.rel1.win32_1.0.100.202509120712/tools/bin/../lib/gcc/arm-none-eabi/13.3.1/thumb/v7e-m+fp/hard\libgcc.a
LOAD C:/ST/STM32CubeIDE_2.0.0/STM32CubeIDE/plugins/com.st.stm32cube.ide.mcu.externaltools.gnu-tools-for-stm32.13.3.rel1.win32_1.0.100.202509120712/tools/bin/../lib/gcc/arm-none-eabi/13.3.1/../../../../arm-none-eabi/lib/thumb/v7e-m+fp/hard\libc_nano.a
END GROUP
START GROUP
LOAD C:/ST/STM32CubeIDE_2.0.0/STM32CubeIDE/plugins/com.st.stm32cube.ide.mcu.externaltools.gnu-tools-for-stm32.13.3.rel1.win32_1.0.100.202509120712/tools/bin/../lib/gcc/arm-none-eabi/13.3.1/thumb/v7e-m+fp/hard\libgcc.a
LOAD C:/ST/STM32CubeIDE_2.0.0/STM32CubeIDE/plugins/com.st.stm32cube.ide.mcu.externaltools.gnu-tools-for-stm32.13.3.rel1.win32_1.0.100.202509120712/tools/bin/../lib/gcc/arm-none-eabi/13.3.1/../../../../arm-none-eabi/lib/thumb/v7e-m+fp/hard\libc_nano.a
LOAD C:/ST/STM32CubeIDE_2.0.0/STM32CubeIDE/plugins/com.st.stm32cube.ide.mcu.externaltools.gnu-tools-for-stm32.13.3.rel1.win32_1.0.100.202509120712/tools/bin/../lib/gcc/arm-none-eabi/13.3.1/../../../../arm-none-eabi/lib/thumb/v7e-m+fp/hard\libnosys.a
END GROUP
START GROUP
LOAD C:/ST/STM32CubeIDE_2.0.0/STM32CubeIDE/plugins/com.st.stm32cube.ide.mcu.externaltools.gnu-tools-for-stm32.13.3.rel1.win32_1.0.100.202509120712/tools/bin/../lib/gcc/arm-none-eabi/13.3.1/thumb/v7e-m+fp/hard\libgcc.a
LOAD C:/ST/STM32CubeIDE_2.0.0/STM32CubeIDE/plugins/com.st.stm32cube.ide.mcu.externaltools.gnu-tools-for-stm32.13.3.rel1.win32_1.0.100.202509120712/tools/bin/../lib/gcc/arm-none-eabi/13.3.1/../../../../arm-none-eabi/lib/thumb/v7e-m+fp/hard\libc_nano.a
LOAD C:/ST/STM32CubeIDE_2.0.0/STM32CubeIDE/plugins/com.st.stm32cube.ide.mcu.externaltools.gnu-tools-for-stm32.13.3.rel1.win32_1.0.100.202509120712/tools/bin/../lib/gcc/arm-none-eabi/13.3.1/../../../../arm-none-eabi/lib/thumb/v7e-m+fp/hard\libnosys.a
END GROUP
LOAD C:/ST/STM32CubeIDE_2.0.0/STM32CubeIDE/plugins/com.st.stm32cube.ide.mcu.externaltools.gnu-tools-for-stm32.13.3.rel1.win32_1.0.100.202509120712/tools/bin/../lib/gcc/arm-none-eabi/13.3.1/thumb/v7e-m+fp/hard/crtend.o
LOAD C:/ST/STM32CubeIDE_2.0.0/STM32CubeIDE/plugins/com.st.stm32cube.ide.mcu.externaltools.gnu-tools-for-stm32.13.3.rel1.win32_1.0.100.202509120712/tools/bin/../lib/gcc/arm-none-eabi/13.3.1/thumb/v7e-m+fp/hard/crtn.o
                0x20020000                        _estack = (ORIGIN (RAM) + LENGTH (RAM))
                0x00000200                        _Min_Heap_Size = 0x200
                0x00000400                        _Min_Stack_Size = 0x400

.isr_vector     0x08000000      0x1d8
                0x08000000                        . = ALIGN (0x4)
 *(.isr_vector)
 .isr_vector    0x08000000      0x1d8 ./Core/Startup/startup_stm32g474ceux.o
                0x08000000                g_pfnVectors
                0x080001d8                        . = ALIGN (0x4)

.text           0x080001d8     0x3c14
                0x080001d8                        . = ALIGN (0x4)
 *(.text)
 .text          0x080001d8       0x40 C:/ST/STM32CubeIDE_2.0.0/STM32CubeIDE/plugins/com.st.stm32cube.ide.mcu.externaltools.gnu-tools-for-stm32.13.3.rel1.win32_1.0.100.202509120712/tools/bin/../lib/gcc/arm-none-eabi/13.3.1/thumb/v7e-m+fp/hard/crtbegin.o
 *(.text*)
 .text.MX_GPIO_Init
                0x08000218       0xc4 ./Core/Src/gpio.o
                0x08000218                MX_GPIO_Init
 .text.MX_HRTIM1_Init
                0x080002dc      0x150 ./Core/Src/hrtim.o
                0x080002dc                MX_HRTIM1_Init
 .text.HAL_HRTIM_MspInit
                0x0800042c       0x40 ./Core/Src/hrtim.o
                0x0800042c                HAL_HRTIM_MspInit
 .text.main     0x0800046c      0x1b0 ./Core/Src/main.o
                0x0800046c                main
 .text.SystemClock_Config
                0x0800061c       0x9a ./Core/Src/main.o
                0x0800061c                SystemClock_Config
 *fill*         0x080006b6        0x2 
 .text.HAL_GPIO_EXTI_Callback
                0x080006b8       0x90 ./Core/Src/main.o
                0x080006b8                HAL_GPIO_EXTI_Callback
 .text.Error_Handler
                0x08000748        0xc ./Core/Src/main.o
                0x08000748                Error_Handler
 .text.startSPI
                0x08000754       0x20 ./Core/Src/mcp2515.o
                0x08000754                startSPI
 .text.endSPI   0x08000774       0x20 ./Core/Src/mcp2515.o
                0x08000774                endSPI
 .text.SPI_transfer
                0x08000794       0x2a ./Core/Src/mcp2515.o
                0x08000794                SPI_transfer
 .text.setRegister
                0x080007be       0x40 ./Core/Src/mcp2515.o
                0x080007be                setRegister
 .text.setRegisters
                0x080007fe       0x5e ./Core/Src/mcp2515.o
                0x080007fe                setRegisters
 .text.loadTx   0x0800085c       0x56 ./Core/Src/mcp2515.o
                0x0800085c                loadTx
 .text.modifyRegister
                0x080008b2       0x54 ./Core/Src/mcp2515.o
                0x080008b2                modifyRegister
 .text.readRegister
                0x08000906       0x40 ./Core/Src/mcp2515.o
                0x08000906                readRegister
 .text.readRx   0x08000946       0x58 ./Core/Src/mcp2515.o
                0x08000946                readRx
 .text.setMode  0x0800099e       0x76 ./Core/Src/mcp2515.o
                0x0800099e                setMode
 .text.setConfigMode
                0x08000a14       0x1a ./Core/Src/mcp2515.o
                0x08000a14                setConfigMode
 .text.prepareId
                0x08000a2e       0xee ./Core/Src/mcp2515.o
                0x08000a2e                prepareId
 .text.MCP_getStatus
                0x08000b1c       0x32 ./Core/Src/mcp2515.o
                0x08000b1c                MCP_getStatus
 .text.MCP_setFilterMask
                0x08000b4e       0x68 ./Core/Src/mcp2515.o
                0x08000b4e                MCP_setFilterMask
 *fill*         0x08000bb6        0x2 
 .text.MCP_setFilter
                0x08000bb8       0x9c ./Core/Src/mcp2515.o
                0x08000bb8                MCP_setFilter
 .text.MCP_reset
                0x08000c54      0x160 ./Core/Src/mcp2515.o
                0x08000c54                MCP_reset
 .text.MCP_setMode
                0x08000db4       0x78 ./Core/Src/mcp2515.o
                0x08000db4                MCP_setMode
 .text.MCP_setBitrate
                0x08000e2c      0x398 ./Core/Src/mcp2515.o
                0x08000e2c                MCP_setBitrate
 .text.MCP_RequestToSend
                0x080011c4       0x2a ./Core/Src/mcp2515.o
                0x080011c4                MCP_RequestToSend
 .text.MCP_sendMessageTo
                0x080011ee      0x12e ./Core/Src/mcp2515.o
                0x080011ee                MCP_sendMessageTo
 .text.MCP_sendMessage
                0x0800131c       0x64 ./Core/Src/mcp2515.o
                0x0800131c                MCP_sendMessage
 .text.MCP_readMessageFrom
                0x08001380      0x14c ./Core/Src/mcp2515.o
                0x08001380                MCP_readMessageFrom
 .text.MCP_readMessage
                0x080014cc       0x56 ./Core/Src/mcp2515.o
                0x080014cc                MCP_readMessage
 *fill*         0x08001522        0x2 
 .text.MX_SPI1_Init
                0x08001524       0x7c ./Core/Src/spi.o
                0x08001524                MX_SPI1_Init
 .text.HAL_SPI_MspInit
                0x080015a0       0x84 ./Core/Src/spi.o
                0x080015a0                HAL_SPI_MspInit
 .text.HAL_MspInit
                0x08001624       0x48 ./Core/Src/stm32g4xx_hal_msp.o
                0x08001624                HAL_MspInit
 .text.NMI_Handler
                0x0800166c        0x8 ./Core/Src/stm32g4xx_it.o
                0x0800166c                NMI_Handler
 .text.HardFault_Handler
                0x08001674        0x8 ./Core/Src/stm32g4xx_it.o
                0x08001674                HardFault_Handler
 .text.MemManage_Handler
                0x0800167c        0x8 ./Core/Src/stm32g4xx_it.o
                0x0800167c                MemManage_Handler
 .text.BusFault_Handler
                0x08001684        0x8 ./Core/Src/stm32g4xx_it.o
                0x08001684                BusFault_Handler
 .text.UsageFault_Handler
                0x0800168c        0x8 ./Core/Src/stm32g4xx_it.o
                0x0800168c                UsageFault_Handler
 .text.SVC_Handler
                0x08001694        0xe ./Core/Src/stm32g4xx_it.o
                0x08001694                SVC_Handler
 .text.DebugMon_Handler
                0x080016a2        0xe ./Core/Src/stm32g4xx_it.o
                0x080016a2                DebugMon_Handler
 .text.PendSV_Handler
                0x080016b0        0xe ./Core/Src/stm32g4xx_it.o
                0x080016b0                PendSV_Handler
 .text.SysTick_Handler
                0x080016be        0xc ./Core/Src/stm32g4xx_it.o
                0x080016be                SysTick_Handler
 .text.EXTI0_IRQHandler
                0x080016ca        0xe ./Core/Src/stm32g4xx_it.o
                0x080016ca                EXTI0_IRQHandler
 .text.SystemInit
                0x080016d8       0x24 ./Core/Src/system_stm32g4xx.o
                0x080016d8                SystemInit
 .text.Reset_Handler
                0x080016fc       0x50 ./Core/Startup/startup_stm32g474ceux.o
                0x080016fc                Reset_Handler
 .text.Default_Handler
                0x0800174c        0x2 ./Core/Startup/startup_stm32g474ceux.o
                0x0800174c                RTC_Alarm_IRQHandler
                0x0800174c                EXTI2_IRQHandler
                0x0800174c                TIM8_TRG_COM_IRQHandler
                0x0800174c                TIM8_CC_IRQHandler
                0x0800174c                HRTIM1_Master_IRQHandler
                0x0800174c                SPI4_IRQHandler
                0x0800174c                FDCAN3_IT0_IRQHandler
                0x0800174c                TIM1_CC_IRQHandler
                0x0800174c                HRTIM1_FLT_IRQHandler
                0x0800174c                HRTIM1_TIMF_IRQHandler
                0x0800174c                USB_HP_IRQHandler
                0x0800174c                CORDIC_IRQHandler
                0x0800174c                HRTIM1_TIMD_IRQHandler
                0x0800174c                DMA2_Channel8_IRQHandler
                0x0800174c                EXTI3_IRQHandler
                0x0800174c                I2C3_ER_IRQHandler
                0x0800174c                I2C2_EV_IRQHandler
                0x0800174c                FPU_IRQHandler
                0x0800174c                FDCAN1_IT1_IRQHandler
                0x0800174c                TIM1_UP_TIM16_IRQHandler
                0x0800174c                ADC1_2_IRQHandler
                0x0800174c                HRTIM1_TIME_IRQHandler
                0x0800174c                SPI1_IRQHandler
                0x0800174c                TIM6_DAC_IRQHandler
                0x0800174c                HRTIM1_TIMC_IRQHandler
                0x0800174c                TIM8_UP_IRQHandler
                0x0800174c                DMA2_Channel2_IRQHandler
                0x0800174c                DMA1_Channel4_IRQHandler
                0x0800174c                TIM20_TRG_COM_IRQHandler
                0x0800174c                USART3_IRQHandler
                0x0800174c                DMA1_Channel7_IRQHandler
                0x0800174c                UART5_IRQHandler
                0x0800174c                ADC3_IRQHandler
                0x0800174c                TIM4_IRQHandler
                0x0800174c                DMA2_Channel1_IRQHandler
                0x0800174c                QUADSPI_IRQHandler
                0x0800174c                I2C1_EV_IRQHandler
                0x0800174c                DMA1_Channel6_IRQHandler
                0x0800174c                UART4_IRQHandler
                0x0800174c                DMA2_Channel4_IRQHandler
                0x0800174c                TIM3_IRQHandler
                0x0800174c                RCC_IRQHandler
                0x0800174c                TIM20_UP_IRQHandler
                0x0800174c                DMA1_Channel1_IRQHandler
                0x0800174c                Default_Handler
                0x0800174c                DMA2_Channel7_IRQHandler
                0x0800174c                RTC_TAMP_LSECSS_IRQHandler
                0x0800174c                FMAC_IRQHandler
                0x0800174c                EXTI15_10_IRQHandler
                0x0800174c                DMA1_Channel8_IRQHandler
                0x0800174c                HRTIM1_TIMA_IRQHandler
                0x0800174c                TIM7_DAC_IRQHandler
                0x0800174c                FDCAN3_IT1_IRQHandler
                0x0800174c                TIM5_IRQHandler
                0x0800174c                UCPD1_IRQHandler
                0x0800174c                I2C3_EV_IRQHandler
                0x0800174c                EXTI9_5_IRQHandler
                0x0800174c                RTC_WKUP_IRQHandler
                0x0800174c                PVD_PVM_IRQHandler
                0x0800174c                SPI2_IRQHandler
                0x0800174c                ADC5_IRQHandler
                0x0800174c                DMA2_Channel5_IRQHandler
                0x0800174c                CRS_IRQHandler
                0x0800174c                DMA1_Channel5_IRQHandler
                0x0800174c                USB_LP_IRQHandler
                0x0800174c                EXTI4_IRQHandler
                0x0800174c                RNG_IRQHandler
                0x0800174c                HRTIM1_TIMB_IRQHandler
                0x0800174c                TIM1_TRG_COM_TIM17_IRQHandler
                0x0800174c                FDCAN2_IT1_IRQHandler
                0x0800174c                DMA1_Channel3_IRQHandler
                0x0800174c                ADC4_IRQHandler
                0x0800174c                WWDG_IRQHandler
                0x0800174c                I2C4_EV_IRQHandler
                0x0800174c                FDCAN2_IT0_IRQHandler
                0x0800174c                LPUART1_IRQHandler
                0x0800174c                DMA2_Channel6_IRQHandler
                0x0800174c                FDCAN1_IT0_IRQHandler
                0x0800174c                TIM2_IRQHandler
                0x0800174c                COMP7_IRQHandler
                0x0800174c                COMP1_2_3_IRQHandler
                0x0800174c                EXTI1_IRQHandler
                0x0800174c                USART2_IRQHandler
                0x0800174c                COMP4_5_6_IRQHandler
                0x0800174c                TIM20_BRK_IRQHandler
                0x0800174c                I2C2_ER_IRQHandler
                0x0800174c                DMA1_Channel2_IRQHandler
                0x0800174c                TIM8_BRK_IRQHandler
                0x0800174c                FLASH_IRQHandler
                0x0800174c                TIM20_CC_IRQHandler
                0x0800174c                USART1_IRQHandler
                0x0800174c                SPI3_IRQHandler
                0x0800174c                I2C1_ER_IRQHandler
                0x0800174c                FMC_IRQHandler
                0x0800174c                LPTIM1_IRQHandler
                0x0800174c                DMAMUX_OVR_IRQHandler
                0x0800174c                I2C4_ER_IRQHandler
                0x0800174c                USBWakeUp_IRQHandler
                0x0800174c                SAI1_IRQHandler
                0x0800174c                DMA2_Channel3_IRQHandler
                0x0800174c                TIM1_BRK_TIM15_IRQHandler
 .text.HAL_Init
                0x0800174e       0x30 ./Drivers/STM32G4xx_HAL_Driver/Src/stm32g4xx_hal.o
                0x0800174e                HAL_Init
 *fill*         0x0800177e        0x2 
 .text.HAL_InitTick
                0x08001780       0x74 ./Drivers/STM32G4xx_HAL_Driver/Src/stm32g4xx_hal.o
                0x08001780                HAL_InitTick
 .text.HAL_IncTick
                0x080017f4       0x24 ./Drivers/STM32G4xx_HAL_Driver/Src/stm32g4xx_hal.o
                0x080017f4                HAL_IncTick
 .text.HAL_GetTick
                0x08001818       0x18 ./Drivers/STM32G4xx_HAL_Driver/Src/stm32g4xx_hal.o
                0x08001818                HAL_GetTick
 .text.HAL_Delay
                0x08001830       0x44 ./Drivers/STM32G4xx_HAL_Driver/Src/stm32g4xx_hal.o
                0x08001830                HAL_Delay
 .text.__NVIC_SetPriorityGrouping
                0x08001874       0x48 ./Drivers/STM32G4xx_HAL_Driver/Src/stm32g4xx_hal_cortex.o
 .text.__NVIC_GetPriorityGrouping
                0x080018bc       0x1c ./Drivers/STM32G4xx_HAL_Driver/Src/stm32g4xx_hal_cortex.o
 .text.__NVIC_EnableIRQ
                0x080018d8       0x3c ./Drivers/STM32G4xx_HAL_Driver/Src/stm32g4xx_hal_cortex.o
 .text.__NVIC_SetPriority
                0x08001914       0x54 ./Drivers/STM32G4xx_HAL_Driver/Src/stm32g4xx_hal_cortex.o
 .text.NVIC_EncodePriority
                0x08001968       0x66 ./Drivers/STM32G4xx_HAL_Driver/Src/stm32g4xx_hal_cortex.o
 *fill*         0x080019ce        0x2 
 .text.SysTick_Config
                0x080019d0       0x44 ./Drivers/STM32G4xx_HAL_Driver/Src/stm32g4xx_hal_cortex.o
 .text.HAL_NVIC_SetPriorityGrouping
                0x08001a14       0x16 ./Drivers/STM32G4xx_HAL_Driver/Src/stm32g4xx_hal_cortex.o
                0x08001a14                HAL_NVIC_SetPriorityGrouping
 .text.HAL_NVIC_SetPriority
                0x08001a2a       0x34 ./Drivers/STM32G4xx_HAL_Driver/Src/stm32g4xx_hal_cortex.o
                0x08001a2a                HAL_NVIC_SetPriority
 .text.HAL_NVIC_EnableIRQ
                0x08001a5e       0x1c ./Drivers/STM32G4xx_HAL_Driver/Src/stm32g4xx_hal_cortex.o
                0x08001a5e                HAL_NVIC_EnableIRQ
 .text.HAL_SYSTICK_Config
                0x08001a7a       0x18 ./Drivers/STM32G4xx_HAL_Driver/Src/stm32g4xx_hal_cortex.o
                0x08001a7a                HAL_SYSTICK_Config
 *fill*         0x08001a92        0x2 
 .text.HAL_GPIO_Init
                0x08001a94      0x304 ./Drivers/STM32G4xx_HAL_Driver/Src/stm32g4xx_hal_gpio.o
                0x08001a94                HAL_GPIO_Init
 .text.HAL_GPIO_WritePin
                0x08001d98       0x30 ./Drivers/STM32G4xx_HAL_Driver/Src/stm32g4xx_hal_gpio.o
                0x08001d98                HAL_GPIO_WritePin
 .text.HAL_GPIO_TogglePin
                0x08001dc8       0x34 ./Drivers/STM32G4xx_HAL_Driver/Src/stm32g4xx_hal_gpio.o
                0x08001dc8                HAL_GPIO_TogglePin
 .text.HAL_GPIO_EXTI_IRQHandler
                0x08001dfc       0x30 ./Drivers/STM32G4xx_HAL_Driver/Src/stm32g4xx_hal_gpio.o
                0x08001dfc                HAL_GPIO_EXTI_IRQHandler
 .text.HAL_HRTIM_Init
                0x08001e2c      0x1a0 ./Drivers/STM32G4xx_HAL_Driver/Src/stm32g4xx_hal_hrtim.o
                0x08001e2c                HAL_HRTIM_Init
 .text.HAL_HRTIM_DLLCalibrationStart
                0x08001fcc       0xb0 ./Drivers/STM32G4xx_HAL_Driver/Src/stm32g4xx_hal_hrtim.o
                0x08001fcc                HAL_HRTIM_DLLCalibrationStart
 .text.HAL_HRTIM_PollForDLLCalibration
                0x0800207c       0x68 ./Drivers/STM32G4xx_HAL_Driver/Src/stm32g4xx_hal_hrtim.o
                0x0800207c                HAL_HRTIM_PollForDLLCalibration
 .text.HAL_HRTIM_TimeBaseConfig
                0x080020e4       0x50 ./Drivers/STM32G4xx_HAL_Driver/Src/stm32g4xx_hal_hrtim.o
                0x080020e4                HAL_HRTIM_TimeBaseConfig
 .text.HAL_HRTIM_WaveformTimerConfig
                0x08002134      0x11a ./Drivers/STM32G4xx_HAL_Driver/Src/stm32g4xx_hal_hrtim.o
                0x08002134                HAL_HRTIM_WaveformTimerConfig
 .text.HAL_HRTIM_WaveformTimerControl
                0x0800224e       0x66 ./Drivers/STM32G4xx_HAL_Driver/Src/stm32g4xx_hal_hrtim.o
                0x0800224e                HAL_HRTIM_WaveformTimerControl
 .text.HAL_HRTIM_WaveformCountStart
                0x080022b4       0x56 ./Drivers/STM32G4xx_HAL_Driver/Src/stm32g4xx_hal_hrtim.o
                0x080022b4                HAL_HRTIM_WaveformCountStart
 .text.HRTIM_MasterBase_Config
                0x0800230a       0x5e ./Drivers/STM32G4xx_HAL_Driver/Src/stm32g4xx_hal_hrtim.o
 .text.HRTIM_TimingUnitBase_Config
                0x08002368       0x80 ./Drivers/STM32G4xx_HAL_Driver/Src/stm32g4xx_hal_hrtim.o
 .text.HRTIM_MasterWaveform_Config
                0x080023e8      0x13a ./Drivers/STM32G4xx_HAL_Driver/Src/stm32g4xx_hal_hrtim.o
 *fill*         0x08002522        0x2 
 .text.HRTIM_TimingUnitWaveform_Config
                0x08002524      0x30c ./Drivers/STM32G4xx_HAL_Driver/Src/stm32g4xx_hal_hrtim.o
 .text.HRTIM_TimingUnitWaveform_Control
                0x08002830       0xc0 ./Drivers/STM32G4xx_HAL_Driver/Src/stm32g4xx_hal_hrtim.o
 .text.HRTIM_ForceRegistersUpdate
                0x080028f0       0xdc ./Drivers/STM32G4xx_HAL_Driver/Src/stm32g4xx_hal_hrtim.o
 .text.HAL_PWREx_ControlVoltageScaling
                0x080029cc      0x148 ./Drivers/STM32G4xx_HAL_Driver/Src/stm32g4xx_hal_pwr_ex.o
                0x080029cc                HAL_PWREx_ControlVoltageScaling
 .text.HAL_PWREx_DisableUCPDDeadBattery
                0x08002b14       0x20 ./Drivers/STM32G4xx_HAL_Driver/Src/stm32g4xx_hal_pwr_ex.o
                0x08002b14                HAL_PWREx_DisableUCPDDeadBattery
 .text.HAL_RCC_OscConfig
                0x08002b34      0x624 ./Drivers/STM32G4xx_HAL_Driver/Src/stm32g4xx_hal_rcc.o
                0x08002b34                HAL_RCC_OscConfig
 .text.HAL_RCC_ClockConfig
                0x08003158      0x278 ./Drivers/STM32G4xx_HAL_Driver/Src/stm32g4xx_hal_rcc.o
                0x08003158                HAL_RCC_ClockConfig
 .text.HAL_RCC_GetSysClockFreq
                0x080033d0       0xc4 ./Drivers/STM32G4xx_HAL_Driver/Src/stm32g4xx_hal_rcc.o
                0x080033d0                HAL_RCC_GetSysClockFreq
 .text.RCC_GetSysClockFreqFromPLLSource
                0x08003494       0x8c ./Drivers/STM32G4xx_HAL_Driver/Src/stm32g4xx_hal_rcc.o
 .text.HAL_SPI_Init
                0x08003520      0x156 ./Drivers/STM32G4xx_HAL_Driver/Src/stm32g4xx_hal_spi.o
                0x08003520                HAL_SPI_Init
 .text.HAL_SPI_TransmitReceive
                0x08003676      0x43e ./Drivers/STM32G4xx_HAL_Driver/Src/stm32g4xx_hal_spi.o
                0x08003676                HAL_SPI_TransmitReceive
 .text.SPI_WaitFlagStateUntilTimeout
                0x08003ab4      0x110 ./Drivers/STM32G4xx_HAL_Driver/Src/stm32g4xx_hal_spi.o
 .text.SPI_WaitFifoStateUntilTimeout
                0x08003bc4      0x12c ./Drivers/STM32G4xx_HAL_Driver/Src/stm32g4xx_hal_spi.o
 .text.SPI_EndRxTxTransaction
                0x08003cf0       0x8c ./Drivers/STM32G4xx_HAL_Driver/Src/stm32g4xx_hal_spi.o
 .text.memset   0x08003d7c       0x10 C:/ST/STM32CubeIDE_2.0.0/STM32CubeIDE/plugins/com.st.stm32cube.ide.mcu.externaltools.gnu-tools-for-stm32.13.3.rel1.win32_1.0.100.202509120712/tools/bin/../lib/gcc/arm-none-eabi/13.3.1/../../../../arm-none-eabi/lib/thumb/v7e-m+fp/hard\libc_nano.a(libc_a-memset.o)
                0x08003d7c                memset
 .text.__libc_init_array
                0x08003d8c       0x48 C:/ST/STM32CubeIDE_2.0.0/STM32CubeIDE/plugins/com.st.stm32cube.ide.mcu.externaltools.gnu-tools-for-stm32.13.3.rel1.win32_1.0.100.202509120712/tools/bin/../lib/gcc/arm-none-eabi/13.3.1/../../../../arm-none-eabi/lib/thumb/v7e-m+fp/hard\libc_nano.a(libc_a-init.o)
                0x08003d8c                __libc_init_array
 *(.glue_7)
 .glue_7        0x08003dd4        0x0 linker stubs
 *(.glue_7t)
 .glue_7t       0x08003dd4        0x0 linker stubs
 *(.eh_frame)
 .eh_frame      0x08003dd4        0x0 C:/ST/STM32CubeIDE_2.0.0/STM32CubeIDE/plugins/com.st.stm32cube.ide.mcu.externaltools.gnu-tools-for-stm32.13.3.rel1.win32_1.0.100.202509120712/tools/bin/../lib/gcc/arm-none-eabi/13.3.1/thumb/v7e-m+fp/hard/crtbegin.o
 *(.init)
 .init          0x08003dd4        0x4 C:/ST/STM32CubeIDE_2.0.0/STM32CubeIDE/plugins/com.st.stm32cube.ide.mcu.externaltools.gnu-tools-for-stm32.13.3.rel1.win32_1.0.100.202509120712/tools/bin/../lib/gcc/arm-none-eabi/13.3.1/thumb/v7e-m+fp/hard/crti.o
                0x08003dd4                _init
 .init          0x08003dd8        0x8 C:/ST/STM32CubeIDE_2.0.0/STM32CubeIDE/plugins/com.st.stm32cube.ide.mcu.externaltools.gnu-tools-for-stm32.13.3.rel1.win32_1.0.100.202509120712/tools/bin/../lib/gcc/arm-none-eabi/13.3.1/thumb/v7e-m+fp/hard/crtn.o
 *(.fini)
 .fini          0x08003de0        0x4 C:/ST/STM32CubeIDE_2.0.0/STM32CubeIDE/plugins/com.st.stm32cube.ide.mcu.externaltools.gnu-tools-for-stm32.13.3.rel1.win32_1.0.100.202509120712/tools/bin/../lib/gcc/arm-none-eabi/13.3.1/thumb/v7e-m+fp/hard/crti.o
                0x08003de0                _fini
 .fini          0x08003de4        0x8 C:/ST/STM32CubeIDE_2.0.0/STM32CubeIDE/plugins/com.st.stm32cube.ide.mcu.externaltools.gnu-tools-for-stm32.13.3.rel1.win32_1.0.100.202509120712/tools/bin/../lib/gcc/arm-none-eabi/13.3.1/thumb/v7e-m+fp/hard/crtn.o
                0x08003dec                        . = ALIGN (0x4)
                0x08003dec                        _etext = .

.vfp11_veneer   0x08003dec        0x0
 .vfp11_veneer  0x08003dec        0x0 linker stubs

.v4_bx          0x08003dec        0x0
 .v4_bx         0x08003dec        0x0 linker stubs

.iplt           0x08003dec        0x0
 .iplt          0x08003dec        0x0 C:/ST/STM32CubeIDE_2.0.0/STM32CubeIDE/plugins/com.st.stm32cube.ide.mcu.externaltools.gnu-tools-for-stm32.13.3.rel1.win32_1.0.100.202509120712/tools/bin/../lib/gcc/arm-none-eabi/13.3.1/thumb/v7e-m+fp/hard/crtbegin.o

.rodata         0x08003dec       0x18
                0x08003dec                        . = ALIGN (0x4)
 *(.rodata)
 .rodata        0x08003dec        0x6 ./Core/Src/mcp2515.o
 *(.rodata*)
 *fill*         0x08003df2        0x2 
 .rodata.AHBPrescTable
                0x08003df4       0x10 ./Core/Src/system_stm32g4xx.o
                0x08003df4                AHBPrescTable
                0x08003e04                        . = ALIGN (0x4)

.ARM.extab      0x08003e04        0x0
                0x08003e04                        . = ALIGN (0x4)
 *(.ARM.extab* .gnu.linkonce.armextab.*)
                0x08003e04                        . = ALIGN (0x4)

.ARM            0x08003e04        0x0
                0x08003e04                        . = ALIGN (0x4)
                0x08003e04                        __exidx_start = .
 *(.ARM.exidx*)
                0x08003e04                        __exidx_end = .
                0x08003e04                        . = ALIGN (0x4)

.preinit_array  0x08003e04        0x0
                0x08003e04                        . = ALIGN (0x4)
                0x08003e04                        PROVIDE (__preinit_array_start = .)
 *(.preinit_array*)
                0x08003e04                        PROVIDE (__preinit_array_end = .)
                0x08003e04                        . = ALIGN (0x4)

.init_array     0x08003e04        0x4
                0x08003e04                        . = ALIGN (0x4)
                0x08003e04                        PROVIDE (__init_array_start = .)
 *(SORT_BY_NAME(.init_array.*))
 *(.init_array*)
 .init_array    0x08003e04        0x4 C:/ST/STM32CubeIDE_2.0.0/STM32CubeIDE/plugins/com.st.stm32cube.ide.mcu.externaltools.gnu-tools-for-stm32.13.3.rel1.win32_1.0.100.202509120712/tools/bin/../lib/gcc/arm-none-eabi/13.3.1/thumb/v7e-m+fp/hard/crtbegin.o
                0x08003e08                        PROVIDE (__init_array_end = .)
                0x08003e08                        . = ALIGN (0x4)

.fini_array     0x08003e08        0x4
                0x08003e08                        . = ALIGN (0x4)
                [!provide]                        PROVIDE (__fini_array_start = .)
 *(SORT_BY_NAME(.fini_array.*))
 *(.fini_array*)
 .fini_array    0x08003e08        0x4 C:/ST/STM32CubeIDE_2.0.0/STM32CubeIDE/plugins/com.st.stm32cube.ide.mcu.externaltools.gnu-tools-for-stm32.13.3.rel1.win32_1.0.100.202509120712/tools/bin/../lib/gcc/arm-none-eabi/13.3.1/thumb/v7e-m+fp/hard/crtbegin.o
                [!provide]                        PROVIDE (__fini_array_end = .)
                0x08003e0c                        . = ALIGN (0x4)
                0x08003e0c                        _sidata = LOADADDR (.data)

.rel.dyn        0x08003e0c        0x0
 .rel.iplt      0x08003e0c        0x0 C:/ST/STM32CubeIDE_2.0.0/STM32CubeIDE/plugins/com.st.stm32cube.ide.mcu.externaltools.gnu-tools-for-stm32.13.3.rel1.win32_1.0.100.202509120712/tools/bin/../lib/gcc/arm-none-eabi/13.3.1/thumb/v7e-m+fp/hard/crtbegin.o

.data           0x20000000        0xc load address 0x08003e0c
                0x20000000                        . = ALIGN (0x4)
                0x20000000                        _sdata = .
 *(.data)
 *(.data*)
 .data.SystemCoreClock
                0x20000000        0x4 ./Core/Src/system_stm32g4xx.o
                0x20000000                SystemCoreClock
 .data.uwTickPrio
                0x20000004        0x4 ./Drivers/STM32G4xx_HAL_Driver/Src/stm32g4xx_hal.o
                0x20000004                uwTickPrio
 .data.uwTickFreq
                0x20000008        0x4 ./Drivers/STM32G4xx_HAL_Driver/Src/stm32g4xx_hal.o
                0x20000008                uwTickFreq
 *(.RamFunc)
 *(.RamFunc*)
                0x2000000c                        . = ALIGN (0x4)
                0x2000000c                        _edata = .

.igot.plt       0x2000000c        0x0 load address 0x08003e18
 .igot.plt      0x2000000c        0x0 C:/ST/STM32CubeIDE_2.0.0/STM32CubeIDE/plugins/com.st.stm32cube.ide.mcu.externaltools.gnu-tools-for-stm32.13.3.rel1.win32_1.0.100.202509120712/tools/bin/../lib/gcc/arm-none-eabi/13.3.1/thumb/v7e-m+fp/hard/crtbegin.o
                0x2000000c                        . = ALIGN (0x4)

.bss            0x20000010      0x1cc load address 0x08003e18
                0x20000010                        _sbss = .
                0x20000010                        __bss_start__ = _sbss
 *(.bss)
 .bss           0x20000010       0x1c C:/ST/STM32CubeIDE_2.0.0/STM32CubeIDE/plugins/com.st.stm32cube.ide.mcu.externaltools.gnu-tools-for-stm32.13.3.rel1.win32_1.0.100.202509120712/tools/bin/../lib/gcc/arm-none-eabi/13.3.1/thumb/v7e-m+fp/hard/crtbegin.o
 *(.bss*)
 .bss.hhrtim1   0x2000002c       0xfc ./Core/Src/hrtim.o
                0x2000002c                hhrtim1
 .bss.mcp2515   0x20000128       0x10 ./Core/Src/main.o
                0x20000128                mcp2515
 .bss.TxFrame   0x20000138       0x10 ./Core/Src/main.o
                0x20000138                TxFrame
 .bss.RxFrame   0x20000148       0x10 ./Core/Src/main.o
                0x20000148                RxFrame
 .bss.babbling_idiot_mode
                0x20000158        0x1 ./Core/Src/main.o
                0x20000158                babbling_idiot_mode
 *fill*         0x20000159        0x3 
 .bss.last_ping_tick
                0x2000015c        0x4 ./Core/Src/main.o
                0x2000015c                last_ping_tick
 .bss.can_received_flag
                0x20000160        0x1 ./Core/Src/main.o
                0x20000160                can_received_flag
 *fill*         0x20000161        0x3 
 .bss.latency_us
                0x20000164        0x4 ./Core/Src/main.o
                0x20000164                latency_us
 .bss.last_latency
                0x20000168        0x4 ./Core/Src/main.o
                0x20000168                last_latency
 .bss.jitter_us
                0x2000016c        0x4 ./Core/Src/main.o
                0x2000016c                jitter_us
 .bss.t_start   0x20000170        0x4 ./Core/Src/main.o
                0x20000170                t_start
 .bss.hspi1     0x20000174       0x64 ./Core/Src/spi.o
                0x20000174                hspi1
 .bss.uwTick    0x200001d8        0x4 ./Drivers/STM32G4xx_HAL_Driver/Src/stm32g4xx_hal.o
                0x200001d8                uwTick
 *(COMMON)
                0x200001dc                        . = ALIGN (0x4)
                0x200001dc                        _ebss = .
                0x200001dc                        __bss_end__ = _ebss

._user_heap_stack
                0x200001dc      0x604 load address 0x08003e18
                0x200001e0                        . = ALIGN (0x8)
 *fill*         0x200001dc        0x4 
                [!provide]                        PROVIDE (end = .)
                0x200001e0                        PROVIDE (_end = .)
                0x200003e0                        . = (. + _Min_Heap_Size)
 *fill*         0x200001e0      0x200 
                0x200007e0                        . = (. + _Min_Stack_Size)
 *fill*         0x200003e0      0x400 
                0x200007e0                        . = ALIGN (0x8)

/DISCARD/
 libc.a(*)
 libm.a(*)
 libgcc.a(*)

.ARM.attributes
                0x00000000       0x30
 *(.ARM.attributes)
 .ARM.attributes
                0x00000000       0x22 C:/ST/STM32CubeIDE_2.0.0/STM32CubeIDE/plugins/com.st.stm32cube.ide.mcu.externaltools.gnu-tools-for-stm32.13.3.rel1.win32_1.0.100.202509120712/tools/bin/../lib/gcc/arm-none-eabi/13.3.1/thumb/v7e-m+fp/hard/crti.o
 .ARM.attributes
                0x00000022       0x34 C:/ST/STM32CubeIDE_2.0.0/STM32CubeIDE/plugins/com.st.stm32cube.ide.mcu.externaltools.gnu-tools-for-stm32.13.3.rel1.win32_1.0.100.202509120712/tools/bin/../lib/gcc/arm-none-eabi/13.3.1/thumb/v7e-m+fp/hard/crtbegin.o
 .ARM.attributes
                0x00000056       0x34 ./Core/Src/gpio.o
 .ARM.attributes
                0x0000008a       0x34 ./Core/Src/hrtim.o
 .ARM.attributes
                0x000000be       0x34 ./Core/Src/main.o
 .ARM.attributes
                0x000000f2       0x34 ./Core/Src/mcp2515.o
 .ARM.attributes
                0x00000126       0x34 ./Core/Src/spi.o
 .ARM.attributes
                0x0000015a       0x34 ./Core/Src/stm32g4xx_hal_msp.o
 .ARM.attributes
                0x0000018e       0x34 ./Core/Src/stm32g4xx_it.o
 .ARM.attributes
                0x000001c2       0x34 ./Core/Src/system_stm32g4xx.o
 .ARM.attributes
                0x000001f6       0x21 ./Core/Startup/startup_stm32g474ceux.o
 .ARM.attributes
                0x00000217       0x34 ./Drivers/STM32G4xx_HAL_Driver/Src/stm32g4xx_hal.o
 .ARM.attributes
                0x0000024b       0x34 ./Drivers/STM32G4xx_HAL_Driver/Src/stm32g4xx_hal_cortex.o
 .ARM.attributes
                0x0000027f       0x34 ./Drivers/STM32G4xx_HAL_Driver/Src/stm32g4xx_hal_gpio.o
 .ARM.attributes
                0x000002b3       0x34 ./Drivers/STM32G4xx_HAL_Driver/Src/stm32g4xx_hal_hrtim.o
 .ARM.attributes
                0x000002e7       0x34 ./Drivers/STM32G4xx_HAL_Driver/Src/stm32g4xx_hal_pwr_ex.o
 .ARM.attributes
                0x0000031b       0x34 ./Drivers/STM32G4xx_HAL_Driver/Src/stm32g4xx_hal_rcc.o
 .ARM.attributes
                0x0000034f       0x34 ./Drivers/STM32G4xx_HAL_Driver/Src/stm32g4xx_hal_spi.o
 .ARM.attributes
                0x00000383       0x34 C:/ST/STM32CubeIDE_2.0.0/STM32CubeIDE/plugins/com.st.stm32cube.ide.mcu.externaltools.gnu-tools-for-stm32.13.3.rel1.win32_1.0.100.202509120712/tools/bin/../lib/gcc/arm-none-eabi/13.3.1/../../../../arm-none-eabi/lib/thumb/v7e-m+fp/hard\libc_nano.a(libc_a-memset.o)
 .ARM.attributes
                0x000003b7       0x34 C:/ST/STM32CubeIDE_2.0.0/STM32CubeIDE/plugins/com.st.stm32cube.ide.mcu.externaltools.gnu-tools-for-stm32.13.3.rel1.win32_1.0.100.202509120712/tools/bin/../lib/gcc/arm-none-eabi/13.3.1/../../../../arm-none-eabi/lib/thumb/v7e-m+fp/hard\libc_nano.a(libc_a-init.o)
 .ARM.attributes
                0x000003eb       0x22 C:/ST/STM32CubeIDE_2.0.0/STM32CubeIDE/plugins/com.st.stm32cube.ide.mcu.externaltools.gnu-tools-for-stm32.13.3.rel1.win32_1.0.100.202509120712/tools/bin/../lib/gcc/arm-none-eabi/13.3.1/thumb/v7e-m+fp/hard/crtn.o
OUTPUT(G474-MCP2515.elf elf32-littlearm)
LOAD linker stubs
LOAD C:/ST/STM32CubeIDE_2.0.0/STM32CubeIDE/plugins/com.st.stm32cube.ide.mcu.externaltools.gnu-tools-for-stm32.13.3.rel1.win32_1.0.100.202509120712/tools/bin/../lib/gcc/arm-none-eabi/13.3.1/../../../../arm-none-eabi/lib/thumb/v7e-m+fp/hard\libc.a
LOAD C:/ST/STM32CubeIDE_2.0.0/STM32CubeIDE/plugins/com.st.stm32cube.ide.mcu.externaltools.gnu-tools-for-stm32.13.3.rel1.win32_1.0.100.202509120712/tools/bin/../lib/gcc/arm-none-eabi/13.3.1/../../../../arm-none-eabi/lib/thumb/v7e-m+fp/hard\libm.a
LOAD C:/ST/STM32CubeIDE_2.0.0/STM32CubeIDE/plugins/com.st.stm32cube.ide.mcu.externaltools.gnu-tools-for-stm32.13.3.rel1.win32_1.0.100.202509120712/tools/bin/../lib/gcc/arm-none-eabi/13.3.1/thumb/v7e-m+fp/hard\libgcc.a

.debug_info     0x00000000     0xefc5
 .debug_info    0x00000000      0x726 ./Core/Src/gpio.o
 .debug_info    0x00000726     0x10c6 ./Core/Src/hrtim.o
 .debug_info    0x000017ec     0x19cf ./Core/Src/main.o
 .debug_info    0x000031bb     0x1d86 ./Core/Src/mcp2515.o
 .debug_info    0x00004f41      0xaf6 ./Core/Src/spi.o
 .debug_info    0x00005a37      0x2da ./Core/Src/stm32g4xx_hal_msp.o
 .debug_info    0x00005d11      0x14c ./Core/Src/stm32g4xx_it.o
 .debug_info    0x00005e5d      0x58e ./Core/Src/system_stm32g4xx.o
 .debug_info    0x000063eb       0x30 ./Core/Startup/startup_stm32g474ceux.o
 .debug_info    0x0000641b      0xb95 ./Drivers/STM32G4xx_HAL_Driver/Src/stm32g4xx_hal.o
 .debug_info    0x00006fb0      0xdf9 ./Drivers/STM32G4xx_HAL_Driver/Src/stm32g4xx_hal_cortex.o
 .debug_info    0x00007da9      0x763 ./Drivers/STM32G4xx_HAL_Driver/Src/stm32g4xx_hal_gpio.o
 .debug_info    0x0000850c     0x3f23 ./Drivers/STM32G4xx_HAL_Driver/Src/stm32g4xx_hal_hrtim.o
 .debug_info    0x0000c42f      0x93f ./Drivers/STM32G4xx_HAL_Driver/Src/stm32g4xx_hal_pwr_ex.o
 .debug_info    0x0000cd6e      0xbe0 ./Drivers/STM32G4xx_HAL_Driver/Src/stm32g4xx_hal_rcc.o
 .debug_info    0x0000d94e     0x1677 ./Drivers/STM32G4xx_HAL_Driver/Src/stm32g4xx_hal_spi.o

.debug_abbrev   0x00000000     0x1f29
 .debug_abbrev  0x00000000      0x15b ./Core/Src/gpio.o
 .debug_abbrev  0x0000015b      0x1e0 ./Core/Src/hrtim.o
 .debug_abbrev  0x0000033b      0x2c1 ./Core/Src/main.o
 .debug_abbrev  0x000005fc      0x351 ./Core/Src/mcp2515.o
 .debug_abbrev  0x0000094d      0x1f6 ./Core/Src/spi.o
 .debug_abbrev  0x00000b43       0xd9 ./Core/Src/stm32g4xx_hal_msp.o
 .debug_abbrev  0x00000c1c       0xa0 ./Core/Src/stm32g4xx_it.o
 .debug_abbrev  0x00000cbc      0x11a ./Core/Src/system_stm32g4xx.o
 .debug_abbrev  0x00000dd6       0x24 ./Core/Startup/startup_stm32g474ceux.o
 .debug_abbrev  0x00000dfa      0x271 ./Drivers/STM32G4xx_HAL_Driver/Src/stm32g4xx_hal.o
 .debug_abbrev  0x0000106b      0x31c ./Drivers/STM32G4xx_HAL_Driver/Src/stm32g4xx_hal_cortex.o
 .debug_abbrev  0x00001387      0x1cb ./Drivers/STM32G4xx_HAL_Driver/Src/stm32g4xx_hal_gpio.o
 .debug_abbrev  0x00001552      0x285 ./Drivers/STM32G4xx_HAL_Driver/Src/stm32g4xx_hal_hrtim.o
 .debug_abbrev  0x000017d7      0x22c ./Drivers/STM32G4xx_HAL_Driver/Src/stm32g4xx_hal_pwr_ex.o
 .debug_abbrev  0x00001a03      0x2c9 ./Drivers/STM32G4xx_HAL_Driver/Src/stm32g4xx_hal_rcc.o
 .debug_abbrev  0x00001ccc      0x25d ./Drivers/STM32G4xx_HAL_Driver/Src/stm32g4xx_hal_spi.o

.debug_aranges  0x00000000      0xde0
 .debug_aranges
                0x00000000       0x20 ./Core/Src/gpio.o
 .debug_aranges
                0x00000020       0x30 ./Core/Src/hrtim.o
 .debug_aranges
                0x00000050       0x38 ./Core/Src/main.o
 .debug_aranges
                0x00000088      0x138 ./Core/Src/mcp2515.o
 .debug_aranges
                0x000001c0       0x30 ./Core/Src/spi.o
 .debug_aranges
                0x000001f0       0x20 ./Core/Src/stm32g4xx_hal_msp.o
 .debug_aranges
                0x00000210       0x68 ./Core/Src/stm32g4xx_it.o
 .debug_aranges
                0x00000278       0x28 ./Core/Src/system_stm32g4xx.o
 .debug_aranges
                0x000002a0       0x28 ./Core/Startup/startup_stm32g474ceux.o
 .debug_aranges
                0x000002c8      0x148 ./Drivers/STM32G4xx_HAL_Driver/Src/stm32g4xx_hal.o
 .debug_aranges
                0x00000410      0x128 ./Drivers/STM32G4xx_HAL_Driver/Src/stm32g4xx_hal_cortex.o
 .debug_aranges
                0x00000538       0x58 ./Drivers/STM32G4xx_HAL_Driver/Src/stm32g4xx_hal_gpio.o
 .debug_aranges
                0x00000590      0x4a0 ./Drivers/STM32G4xx_HAL_Driver/Src/stm32g4xx_hal_hrtim.o
 .debug_aranges
                0x00000a30      0x140 ./Drivers/STM32G4xx_HAL_Driver/Src/stm32g4xx_hal_pwr_ex.o
 .debug_aranges
                0x00000b70       0x98 ./Drivers/STM32G4xx_HAL_Driver/Src/stm32g4xx_hal_rcc.o
 .debug_aranges
                0x00000c08      0x1d8 ./Drivers/STM32G4xx_HAL_Driver/Src/stm32g4xx_hal_spi.o

.debug_rnglists
                0x00000000      0xaad
 .debug_rnglists
                0x00000000       0x14 ./Core/Src/gpio.o
 .debug_rnglists
                0x00000014       0x20 ./Core/Src/hrtim.o
 .debug_rnglists
                0x00000034       0x28 ./Core/Src/main.o
 .debug_rnglists
                0x0000005c       0xf8 ./Core/Src/mcp2515.o
 .debug_rnglists
                0x00000154       0x20 ./Core/Src/spi.o
 .debug_rnglists
                0x00000174       0x13 ./Core/Src/stm32g4xx_hal_msp.o
 .debug_rnglists
                0x00000187       0x49 ./Core/Src/stm32g4xx_it.o
 .debug_rnglists
                0x000001d0       0x1a ./Core/Src/system_stm32g4xx.o
 .debug_rnglists
                0x000001ea       0x19 ./Core/Startup/startup_stm32g474ceux.o
 .debug_rnglists
                0x00000203       0xf1 ./Drivers/STM32G4xx_HAL_Driver/Src/stm32g4xx_hal.o
 .debug_rnglists
                0x000002f4       0xda ./Drivers/STM32G4xx_HAL_Driver/Src/stm32g4xx_hal_cortex.o
 .debug_rnglists
                0x000003ce       0x3f ./Drivers/STM32G4xx_HAL_Driver/Src/stm32g4xx_hal_gpio.o
 .debug_rnglists
                0x0000040d      0x3c3 ./Drivers/STM32G4xx_HAL_Driver/Src/stm32g4xx_hal_hrtim.o
 .debug_rnglists
                0x000007d0       0xf1 ./Drivers/STM32G4xx_HAL_Driver/Src/stm32g4xx_hal_pwr_ex.o
 .debug_rnglists
                0x000008c1       0x74 ./Drivers/STM32G4xx_HAL_Driver/Src/stm32g4xx_hal_rcc.o
 .debug_rnglists
                0x00000935      0x178 ./Drivers/STM32G4xx_HAL_Driver/Src/stm32g4xx_hal_spi.o

.debug_macro    0x00000000    0x26eba
 .debug_macro   0x00000000      0x1de ./Core/Src/gpio.o
 .debug_macro   0x000001de      0xad8 ./Core/Src/gpio.o
 .debug_macro   0x00000cb6      0x15b ./Core/Src/gpio.o
 .debug_macro   0x00000e11       0x2e ./Core/Src/gpio.o
 .debug_macro   0x00000e3f       0x28 ./Core/Src/gpio.o
 .debug_macro   0x00000e67       0x22 ./Core/Src/gpio.o
 .debug_macro   0x00000e89       0x8e ./Core/Src/gpio.o
 .debug_macro   0x00000f17       0x51 ./Core/Src/gpio.o
 .debug_macro   0x00000f68      0x103 ./Core/Src/gpio.o
 .debug_macro   0x0000106b       0x6a ./Core/Src/gpio.o
 .debug_macro   0x000010d5      0x1df ./Core/Src/gpio.o
 .debug_macro   0x000012b4       0x1c ./Core/Src/gpio.o
 .debug_macro   0x000012d0       0x22 ./Core/Src/gpio.o
 .debug_macro   0x000012f2       0xfb ./Core/Src/gpio.o
 .debug_macro   0x000013ed     0x1011 ./Core/Src/gpio.o
 .debug_macro   0x000023fe      0x11f ./Core/Src/gpio.o
 .debug_macro   0x0000251d    0x18b8c ./Core/Src/gpio.o
 .debug_macro   0x0001b0a9       0x6d ./Core/Src/gpio.o
 .debug_macro   0x0001b116     0x3558 ./Core/Src/gpio.o
 .debug_macro   0x0001e66e      0x190 ./Core/Src/gpio.o
 .debug_macro   0x0001e7fe       0x5c ./Core/Src/gpio.o
 .debug_macro   0x0001e85a     0x171f ./Core/Src/gpio.o
 .debug_macro   0x0001ff79      0x600 ./Core/Src/gpio.o
 .debug_macro   0x00020579      0x1b6 ./Core/Src/gpio.o
 .debug_macro   0x0002072f      0x34a ./Core/Src/gpio.o
 .debug_macro   0x00020a79      0x53c ./Core/Src/gpio.o
 .debug_macro   0x00020fb5      0x18b ./Core/Src/gpio.o
 .debug_macro   0x00021140       0x43 ./Core/Src/gpio.o
 .debug_macro   0x00021183      0x23d ./Core/Src/gpio.o
 .debug_macro   0x000213c0      0x211 ./Core/Src/gpio.o
 .debug_macro   0x000215d1      0x45c ./Core/Src/gpio.o
 .debug_macro   0x00021a2d      0x11c ./Core/Src/gpio.o
 .debug_macro   0x00021b49     0x20a8 ./Core/Src/gpio.o
 .debug_macro   0x00023bf1      0x122 ./Core/Src/gpio.o
 .debug_macro   0x00023d13      0x3d1 ./Core/Src/gpio.o
 .debug_macro   0x000240e4      0x2fe ./Core/Src/gpio.o
 .debug_macro   0x000243e2      0x358 ./Core/Src/gpio.o
 .debug_macro   0x0002473a       0x3a ./Core/Src/gpio.o
 .debug_macro   0x00024774      0x1de ./Core/Src/hrtim.o
 .debug_macro   0x00024952      0x2d9 ./Core/Src/main.o
 .debug_macro   0x00024c2b       0x61 ./Core/Src/main.o
 .debug_macro   0x00024c8c       0x2a ./Core/Src/main.o
 .debug_macro   0x00024cb6       0x43 ./Core/Src/main.o
 .debug_macro   0x00024cf9       0x34 ./Core/Src/main.o
 .debug_macro   0x00024d2d      0x370 ./Core/Src/main.o
 .debug_macro   0x0002509d       0x16 ./Core/Src/main.o
 .debug_macro   0x000250b3       0x4a ./Core/Src/main.o
 .debug_macro   0x000250fd       0x34 ./Core/Src/main.o
 .debug_macro   0x00025131       0x10 ./Core/Src/main.o
 .debug_macro   0x00025141       0x58 ./Core/Src/main.o
 .debug_macro   0x00025199       0x8e ./Core/Src/main.o
 .debug_macro   0x00025227       0x1c ./Core/Src/main.o
 .debug_macro   0x00025243      0x185 ./Core/Src/main.o
 .debug_macro   0x000253c8       0x10 ./Core/Src/main.o
 .debug_macro   0x000253d8       0x3c ./Core/Src/main.o
 .debug_macro   0x00025414       0x20 ./Core/Src/main.o
 .debug_macro   0x00025434      0x340 ./Core/Src/main.o
 .debug_macro   0x00025774      0x2a8 ./Core/Src/mcp2515.o
 .debug_macro   0x00025a1c      0x1de ./Core/Src/spi.o
 .debug_macro   0x00025bfa      0x1d4 ./Core/Src/stm32g4xx_hal_msp.o
 .debug_macro   0x00025dce      0x1de ./Core/Src/stm32g4xx_it.o
 .debug_macro   0x00025fac      0x1c5 ./Core/Src/system_stm32g4xx.o
 .debug_macro   0x00026171      0x213 ./Drivers/STM32G4xx_HAL_Driver/Src/stm32g4xx_hal.o
 .debug_macro   0x00026384      0x1c5 ./Drivers/STM32G4xx_HAL_Driver/Src/stm32g4xx_hal_cortex.o
 .debug_macro   0x00026549      0x1cc ./Drivers/STM32G4xx_HAL_Driver/Src/stm32g4xx_hal_gpio.o
 .debug_macro   0x00026715      0x1e2 ./Drivers/STM32G4xx_HAL_Driver/Src/stm32g4xx_hal_hrtim.o
 .debug_macro   0x000268f7      0x1ef ./Drivers/STM32G4xx_HAL_Driver/Src/stm32g4xx_hal_pwr_ex.o
 .debug_macro   0x00026ae6      0x207 ./Drivers/STM32G4xx_HAL_Driver/Src/stm32g4xx_hal_rcc.o
 .debug_macro   0x00026ced      0x1cd ./Drivers/STM32G4xx_HAL_Driver/Src/stm32g4xx_hal_spi.o

.debug_line     0x00000000     0xeeb1
 .debug_line    0x00000000      0x76f ./Core/Src/gpio.o
 .debug_line    0x0000076f      0x82f ./Core/Src/hrtim.o
 .debug_line    0x00000f9e      0xa6c ./Core/Src/main.o
 .debug_line    0x00001a0a     0x1172 ./Core/Src/mcp2515.o
 .debug_line    0x00002b7c      0x7c8 ./Core/Src/spi.o
 .debug_line    0x00003344      0x74c ./Core/Src/stm32g4xx_hal_msp.o
 .debug_line    0x00003a90      0x812 ./Core/Src/stm32g4xx_it.o
 .debug_line    0x000042a2      0x7b8 ./Core/Src/system_stm32g4xx.o
 .debug_line    0x00004a5a       0x7b ./Core/Startup/startup_stm32g474ceux.o
 .debug_line    0x00004ad5      0xb84 ./Drivers/STM32G4xx_HAL_Driver/Src/stm32g4xx_hal.o
 .debug_line    0x00005659      0xce9 ./Drivers/STM32G4xx_HAL_Driver/Src/stm32g4xx_hal_cortex.o
 .debug_line    0x00006342      0xb5d ./Drivers/STM32G4xx_HAL_Driver/Src/stm32g4xx_hal_gpio.o
 .debug_line    0x00006e9f     0x42f6 ./Drivers/STM32G4xx_HAL_Driver/Src/stm32g4xx_hal_hrtim.o
 .debug_line    0x0000b195      0xce3 ./Drivers/STM32G4xx_HAL_Driver/Src/stm32g4xx_hal_pwr_ex.o
 .debug_line    0x0000be78     0x1007 ./Drivers/STM32G4xx_HAL_Driver/Src/stm32g4xx_hal_rcc.o
 .debug_line    0x0000ce7f     0x2032 ./Drivers/STM32G4xx_HAL_Driver/Src/stm32g4xx_hal_spi.o

.debug_str      0x00000000   0x1060f7
 .debug_str     0x00000000   0x1060f7 ./Core/Src/gpio.o
                              0xfd25d (size before relaxing)
 .debug_str     0x001060f7        0x0 ./Core/Src/hrtim.o
                              0xfd55b (size before relaxing)
 .debug_str     0x001060f7        0x0 ./Core/Src/main.o
                             0x101f24 (size before relaxing)
 .debug_str     0x001060f7        0x0 ./Core/Src/mcp2515.o
                             0x101d4d (size before relaxing)
 .debug_str     0x001060f7        0x0 ./Core/Src/spi.o
                              0xfd138 (size before relaxing)
 .debug_str     0x001060f7        0x0 ./Core/Src/stm32g4xx_hal_msp.o
                              0xfcb59 (size before relaxing)
 .debug_str     0x001060f7        0x0 ./Core/Src/stm32g4xx_it.o
                              0xfcaa6 (size before relaxing)
 .debug_str     0x001060f7        0x0 ./Core/Src/system_stm32g4xx.o
                              0xfcb0e (size before relaxing)
 .debug_str     0x001060f7        0x0 ./Core/Startup/startup_stm32g474ceux.o
                                 0x84 (size before relaxing)
 .debug_str     0x001060f7        0x0 ./Drivers/STM32G4xx_HAL_Driver/Src/stm32g4xx_hal.o
                              0xfd820 (size before relaxing)
 .debug_str     0x001060f7        0x0 ./Drivers/STM32G4xx_HAL_Driver/Src/stm32g4xx_hal_cortex.o
                              0xfd4dc (size before relaxing)
 .debug_str     0x001060f7        0x0 ./Drivers/STM32G4xx_HAL_Driver/Src/stm32g4xx_hal_gpio.o
                              0xfcc99 (size before relaxing)
 .debug_str     0x001060f7        0x0 ./Drivers/STM32G4xx_HAL_Driver/Src/stm32g4xx_hal_hrtim.o
                              0xfef08 (size before relaxing)
 .debug_str     0x001060f7        0x0 ./Drivers/STM32G4xx_HAL_Driver/Src/stm32g4xx_hal_pwr_ex.o
                              0xfcffc (size before relaxing)
 .debug_str     0x001060f7        0x0 ./Drivers/STM32G4xx_HAL_Driver/Src/stm32g4xx_hal_rcc.o
                              0xfd22d (size before relaxing)
 .debug_str     0x001060f7        0x0 ./Drivers/STM32G4xx_HAL_Driver/Src/stm32g4xx_hal_spi.o
                              0xfd440 (size before relaxing)

.comment        0x00000000       0x43
 .comment       0x00000000       0x43 ./Core/Src/gpio.o
                                 0x44 (size before relaxing)
 .comment       0x00000043        0x0 ./Core/Src/hrtim.o
                                 0x44 (size before relaxing)
 .comment       0x00000043        0x0 ./Core/Src/main.o
                                 0x44 (size before relaxing)
 .comment       0x00000043        0x0 ./Core/Src/mcp2515.o
                                 0x44 (size before relaxing)
 .comment       0x00000043        0x0 ./Core/Src/spi.o
                                 0x44 (size before relaxing)
 .comment       0x00000043        0x0 ./Core/Src/stm32g4xx_hal_msp.o
                                 0x44 (size before relaxing)
 .comment       0x00000043        0x0 ./Core/Src/stm32g4xx_it.o
                                 0x44 (size before relaxing)
 .comment       0x00000043        0x0 ./Core/Src/system_stm32g4xx.o
                                 0x44 (size before relaxing)
 .comment       0x00000043        0x0 ./Drivers/STM32G4xx_HAL_Driver/Src/stm32g4xx_hal.o
                                 0x44 (size before relaxing)
 .comment       0x00000043        0x0 ./Drivers/STM32G4xx_HAL_Driver/Src/stm32g4xx_hal_cortex.o
                                 0x44 (size before relaxing)
 .comment       0x00000043        0x0 ./Drivers/STM32G4xx_HAL_Driver/Src/stm32g4xx_hal_gpio.o
                                 0x44 (size before relaxing)
 .comment       0x00000043        0x0 ./Drivers/STM32G4xx_HAL_Driver/Src/stm32g4xx_hal_hrtim.o
                                 0x44 (size before relaxing)
 .comment       0x00000043        0x0 ./Drivers/STM32G4xx_HAL_Driver/Src/stm32g4xx_hal_pwr_ex.o
                                 0x44 (size before relaxing)
 .comment       0x00000043        0x0 ./Drivers/STM32G4xx_HAL_Driver/Src/stm32g4xx_hal_rcc.o
                                 0x44 (size before relaxing)
 .comment       0x00000043        0x0 ./Drivers/STM32G4xx_HAL_Driver/Src/stm32g4xx_hal_spi.o
                                 0x44 (size before relaxing)

.debug_frame    0x00000000     0x3a00
 .debug_frame   0x00000000       0x34 ./Core/Src/gpio.o
 .debug_frame   0x00000034       0x88 ./Core/Src/hrtim.o
 .debug_frame   0x000000bc       0x90 ./Core/Src/main.o
 .debug_frame   0x0000014c      0x530 ./Core/Src/mcp2515.o
 .debug_frame   0x0000067c       0x74 ./Core/Src/spi.o
 .debug_frame   0x000006f0       0x34 ./Core/Src/stm32g4xx_hal_msp.o
 .debug_frame   0x00000724      0x120 ./Core/Src/stm32g4xx_it.o
 .debug_frame   0x00000844       0x58 ./Core/Src/system_stm32g4xx.o
 .debug_frame   0x0000089c      0x500 ./Drivers/STM32G4xx_HAL_Driver/Src/stm32g4xx_hal.o
 .debug_frame   0x00000d9c      0x4e8 ./Drivers/STM32G4xx_HAL_Driver/Src/stm32g4xx_hal_cortex.o
 .debug_frame   0x00001284      0x14c ./Drivers/STM32G4xx_HAL_Driver/Src/stm32g4xx_hal_gpio.o
 .debug_frame   0x000013d0     0x164c ./Drivers/STM32G4xx_HAL_Driver/Src/stm32g4xx_hal_hrtim.o
 .debug_frame   0x00002a1c      0x4fc ./Drivers/STM32G4xx_HAL_Driver/Src/stm32g4xx_hal_pwr_ex.o
 .debug_frame   0x00002f18      0x23c ./Drivers/STM32G4xx_HAL_Driver/Src/stm32g4xx_hal_rcc.o
 .debug_frame   0x00003154      0x860 ./Drivers/STM32G4xx_HAL_Driver/Src/stm32g4xx_hal_spi.o
 .debug_frame   0x000039b4       0x20 C:/ST/STM32CubeIDE_2.0.0/STM32CubeIDE/plugins/com.st.stm32cube.ide.mcu.externaltools.gnu-tools-for-stm32.13.3.rel1.win32_1.0.100.202509120712/tools/bin/../lib/gcc/arm-none-eabi/13.3.1/../../../../arm-none-eabi/lib/thumb/v7e-m+fp/hard\libc_nano.a(libc_a-memset.o)
 .debug_frame   0x000039d4       0x2c C:/ST/STM32CubeIDE_2.0.0/STM32CubeIDE/plugins/com.st.stm32cube.ide.mcu.externaltools.gnu-tools-for-stm32.13.3.rel1.win32_1.0.100.202509120712/tools/bin/../lib/gcc/arm-none-eabi/13.3.1/../../../../arm-none-eabi/lib/thumb/v7e-m+fp/hard\libc_nano.a(libc_a-init.o)

.debug_line_str
                0x00000000       0x68
 .debug_line_str
                0x00000000       0x68 ./Core/Startup/startup_stm32g474ceux.o
