Archive member included to satisfy reference by file (symbol)

C:/ST/STM32CubeIDE_2.0.0/STM32CubeIDE/plugins/com.st.stm32cube.ide.mcu.externaltools.gnu-tools-for-stm32.13.3.rel1.win32_1.0.100.202509120712/tools/bin/../lib/gcc/arm-none-eabi/13.3.1/../../../../arm-none-eabi/lib/thumb/v6-m/nofp\libc_nano.a(libc_a-exit.o)
                              C:/ST/STM32CubeIDE_2.0.0/STM32CubeIDE/plugins/com.st.stm32cube.ide.mcu.externaltools.gnu-tools-for-stm32.13.3.rel1.win32_1.0.100.202509120712/tools/bin/../lib/gcc/arm-none-eabi/13.3.1/../../../../arm-none-eabi/lib/thumb/v6-m/nofp/crt0.o (exit)
C:/ST/STM32CubeIDE_2.0.0/STM32CubeIDE/plugins/com.st.stm32cube.ide.mcu.externaltools.gnu-tools-for-stm32.13.3.rel1.win32_1.0.100.202509120712/tools/bin/../lib/gcc/arm-none-eabi/13.3.1/../../../../arm-none-eabi/lib/thumb/v6-m/nofp\libc_nano.a(libc_a-findfp.o)
                              C:/ST/STM32CubeIDE_2.0.0/STM32CubeIDE/plugins/com.st.stm32cube.ide.mcu.externaltools.gnu-tools-for-stm32.13.3.rel1.win32_1.0.100.202509120712/tools/bin/../lib/gcc/arm-none-eabi/13.3.1/../../../../arm-none-eabi/lib/thumb/v6-m/nofp\libc_nano.a(libc_a-exit.o) (__stdio_exit_handler)
C:/ST/STM32CubeIDE_2.0.0/STM32CubeIDE/plugins/com.st.stm32cube.ide.mcu.externaltools.gnu-tools-for-stm32.13.3.rel1.win32_1.0.100.202509120712/tools/bin/../lib/gcc/arm-none-eabi/13.3.1/../../../../arm-none-eabi/lib/thumb/v6-m/nofp\libc_nano.a(libc_a-fwalk.o)
                              C:/ST/STM32CubeIDE_2.0.0/STM32CubeIDE/plugins/com.st.stm32cube.ide.mcu.externaltools.gnu-tools-for-stm32.13.3.rel1.win32_1.0.100.202509120712/tools/bin/../lib/gcc/arm-none-eabi/13.3.1/../../../../arm-none-eabi/lib/thumb/v6-m/nofp\libc_nano.a(libc_a-findfp.o) (_fwalk_sglue)
C:/ST/STM32CubeIDE_2.0.0/STM32CubeIDE/plugins/com.st.stm32cube.ide.mcu.externaltools.gnu-tools-for-stm32.13.3.rel1.win32_1.0.100.202509120712/tools/bin/../lib/gcc/arm-none-eabi/13.3.1/../../../../arm-none-eabi/lib/thumb/v6-m/nofp\libc_nano.a(libc_a-stdio.o)
                              C:/ST/STM32CubeIDE_2.0.0/STM32CubeIDE/plugins/com.st.stm32cube.ide.mcu.externaltools.gnu-tools-for-stm32.13.3.rel1.win32_1.0.100.202509120712/tools/bin/../lib/gcc/arm-none-eabi/13.3.1/../../../../arm-none-eabi/lib/thumb/v6-m/nofp\libc_nano.a(libc_a-findfp.o) (__sread)
C:/ST/STM32CubeIDE_2.0.0/STM32CubeIDE/plugins/com.st.stm32cube.ide.mcu.externaltools.gnu-tools-for-stm32.13.3.rel1.win32_1.0.100.202509120712/tools/bin/../lib/gcc/arm-none-eabi/13.3.1/../../../../arm-none-eabi/lib/thumb/v6-m/nofp\libc_nano.a(libc_a-memset.o)
                              C:/ST/STM32CubeIDE_2.0.0/STM32CubeIDE/plugins/com.st.stm32cube.ide.mcu.externaltools.gnu-tools-for-stm32.13.3.rel1.win32_1.0.100.202509120712/tools/bin/../lib/gcc/arm-none-eabi/13.3.1/../../../../arm-none-eabi/lib/thumb/v6-m/nofp/crt0.o (memset)
C:/ST/STM32CubeIDE_2.0.0/STM32CubeIDE/plugins/com.st.stm32cube.ide.mcu.externaltools.gnu-tools-for-stm32.13.3.rel1.win32_1.0.100.202509120712/tools/bin/../lib/gcc/arm-none-eabi/13.3.1/../../../../arm-none-eabi/lib/thumb/v6-m/nofp\libc_nano.a(libc_a-closer.o)
                              C:/ST/STM32CubeIDE_2.0.0/STM32CubeIDE/plugins/com.st.stm32cube.ide.mcu.externaltools.gnu-tools-for-stm32.13.3.rel1.win32_1.0.100.202509120712/tools/bin/../lib/gcc/arm-none-eabi/13.3.1/../../../../arm-none-eabi/lib/thumb/v6-m/nofp\libc_nano.a(libc_a-stdio.o) (_close_r)
C:/ST/STM32CubeIDE_2.0.0/STM32CubeIDE/plugins/com.st.stm32cube.ide.mcu.externaltools.gnu-tools-for-stm32.13.3.rel1.win32_1.0.100.202509120712/tools/bin/../lib/gcc/arm-none-eabi/13.3.1/../../../../arm-none-eabi/lib/thumb/v6-m/nofp\libc_nano.a(libc_a-reent.o)
                              C:/ST/STM32CubeIDE_2.0.0/STM32CubeIDE/plugins/com.st.stm32cube.ide.mcu.externaltools.gnu-tools-for-stm32.13.3.rel1.win32_1.0.100.202509120712/tools/bin/../lib/gcc/arm-none-eabi/13.3.1/../../../../arm-none-eabi/lib/thumb/v6-m/nofp\libc_nano.a(libc_a-closer.o) (errno)
C:/ST/STM32CubeIDE_2.0.0/STM32CubeIDE/plugins/com.st.stm32cube.ide.mcu.externaltools.gnu-tools-for-stm32.13.3.rel1.win32_1.0.100.202509120712/tools/bin/../lib/gcc/arm-none-eabi/13.3.1/../../../../arm-none-eabi/lib/thumb/v6-m/nofp\libc_nano.a(libc_a-impure.o)
                              C:/ST/STM32CubeIDE_2.0.0/STM32CubeIDE/plugins/com.st.stm32cube.ide.mcu.externaltools.gnu-tools-for-stm32.13.3.rel1.win32_1.0.100.202509120712/tools/bin/../lib/gcc/arm-none-eabi/13.3.1/../../../../arm-none-eabi/lib/thumb/v6-m/nofp\libc_nano.a(libc_a-reent.o) (_impure_ptr)
C:/ST/STM32CubeIDE_2.0.0/STM32CubeIDE/plugins/com.st.stm32cube.ide.mcu.externaltools.gnu-tools-for-stm32.13.3.rel1.win32_1.0.100.202509120712/tools/bin/../lib/gcc/arm-none-eabi/13.3.1/../../../../arm-none-eabi/lib/thumb/v6-m/nofp\libc_nano.a(libc_a-lseekr.o)
[...]
Memory Configuration

Name             Origin             Length             Attributes
RAM              0x20000000         0x00002000         xrw
FLASH            0x08000000         0x00008000         xr
*default*        0x00000000         0xffffffff

Linker script and memory map

LOAD C:/ST/STM32CubeIDE_2.0.0/STM32CubeIDE/plugins/com.st.stm32cube.ide.mcu.externaltools.gnu-tools-for-stm32.13.3.rel1.win32_1.0.100.202509120712/tools/bin/../lib/gcc/arm-none-eabi/13.3.1/thumb/v6-m/nofp/crti.o
LOAD C:/ST/STM32CubeIDE_2.0.0/STM32CubeIDE/plugins/com.st.stm32cube.ide.mcu.externaltools.gnu-tools-for-stm32.13.3.rel1.win32_1.0.100.202509120712/tools/bin/../lib/gcc/arm-none-eabi/13.3.1/thumb/v6-m/nofp/crtbegin.o
LOAD C:/ST/STM32CubeIDE_2.0.0/STM32CubeIDE/plugins/com.st.stm32cube.ide.mcu.externaltools.gnu-tools-for-stm32.13.3.rel1.win32_1.0.100.202509120712/tools/bin/../lib/gcc/arm-none-eabi/13.3.1/../../../../arm-none-eabi/lib/thumb/v6-m/nofp/crt0.o
LOAD ./Core/Src/gpio.o
LOAD ./Core/Src/main.o
LOAD ./Core/Src/mcp2515.o
LOAD ./Core/Src/spi.o
LOAD ./Core/Src/stm32g0xx_hal_msp.o
LOAD ./Core/Src/stm32g0xx_it.o
LOAD ./Core/Src/syscalls.o
LOAD ./Core/Src/sysmem.o
LOAD ./Core/Src/system_stm32g0xx.o
LOAD ./Core/Startup/startup_stm32g030f6px.o
LOAD ./Drivers/STM32G0xx_HAL_Driver/Src/stm32g0xx_hal.o
LOAD ./Drivers/STM32G0xx_HAL_Driver/Src/stm32g0xx_hal_cortex.o
LOAD ./Drivers/STM32G0xx_HAL_Driver/Src/stm32g0xx_hal_dma.o
LOAD ./Drivers/STM32G0xx_HAL_Driver/Src/stm32g0xx_hal_dma_ex.o
LOAD ./Drivers/STM32G0xx_HAL_Driver/Src/stm32g0xx_hal_exti.o
LOAD ./Drivers/STM32G0xx_HAL_Driver/Src/stm32g0xx_hal_flash.o
LOAD ./Drivers/STM32G0xx_HAL_Driver/Src/stm32g0xx_hal_flash_ex.o
LOAD ./Drivers/STM32G0xx_HAL_Driver/Src/stm32g0xx_hal_gpio.o
LOAD ./Drivers/STM32G0xx_HAL_Driver/Src/stm32g0xx_hal_pwr.o
LOAD ./Drivers/STM32G0xx_HAL_Driver/Src/stm32g0xx_hal_pwr_ex.o
LOAD ./Drivers/STM32G0xx_HAL_Driver/Src/stm32g0xx_hal_rcc.o
LOAD ./Drivers/STM32G0xx_HAL_Driver/Src/stm32g0xx_hal_rcc_ex.o
LOAD ./Drivers/STM32G0xx_HAL_Driver/Src/stm32g0xx_hal_spi.o
LOAD ./Drivers/STM32G0xx_HAL_Driver/Src/stm32g0xx_hal_spi_ex.o
LOAD ./Drivers/STM32G0xx_HAL_Driver/Src/stm32g0xx_ll_rcc.o
START GROUP
LOAD C:/ST/STM32CubeIDE_2.0.0/STM32CubeIDE/plugins/com.st.stm32cube.ide.mcu.externaltools.gnu-tools-for-stm32.13.3.rel1.win32_1.0.100.202509120712/tools/bin/../lib/gcc/arm-none-eabi/13.3.1/../../../../arm-none-eabi/lib/thumb/v6-m/nofp\libc_nano.a
LOAD C:/ST/STM32CubeIDE_2.0.0/STM32CubeIDE/plugins/com.st.stm32cube.ide.mcu.externaltools.gnu-tools-for-stm32.13.3.rel1.win32_1.0.100.202509120712/tools/bin/../lib/gcc/arm-none-eabi/13.3.1/../../../../arm-none-eabi/lib/thumb/v6-m/nofp\libm.a
END GROUP
START GROUP
LOAD C:/ST/STM32CubeIDE_2.0.0/STM32CubeIDE/plugins/com.st.stm32cube.ide.mcu.externaltools.gnu-tools-for-stm32.13.3.rel1.win32_1.0.100.202509120712/tools/bin/../lib/gcc/arm-none-eabi/13.3.1/thumb/v6-m/nofp\libgcc.a
LOAD C:/ST/STM32CubeIDE_2.0.0/STM32CubeIDE/plugins/com.st.stm32cube.ide.mcu.externaltools.gnu-tools-for-stm32.13.3.rel1.win32_1.0.100.202509120712/tools/bin/../lib/gcc/arm-none-eabi/13.3.1/../../../../arm-none-eabi/lib/thumb/v6-m/nofp\libc_nano.a
END GROUP
START GROUP
LOAD C:/ST/STM32CubeIDE_2.0.0/STM32CubeIDE/plugins/com.st.stm32cube.ide.mcu.externaltools.gnu-tools-for-stm32.13.3.rel1.win32_1.0.100.202509120712/tools/bin/../lib/gcc/arm-none-eabi/13.3.1/thumb/v6-m/nofp\libgcc.a
LOAD C:/ST/STM32CubeIDE_2.0.0/STM32CubeIDE/plugins/com.st.stm32cube.ide.mcu.externaltools.gnu-tools-for-stm32.13.3.rel1.win32_1.0.100.202509120712/tools/bin/../lib/gcc/arm-none-eabi/13.3.1/../../../../arm-none-eabi/lib/thumb/v6-m/nofp\libc_nano.a
LOAD C:/ST/STM32CubeIDE_2.0.0/STM32CubeIDE/plugins/com.st.stm32cube.ide.mcu.externaltools.gnu-tools-for-stm32.13.3.rel1.win32_1.0.100.202509120712/tools/bin/../lib/gcc/arm-none-eabi/13.3.1/../../../../arm-none-eabi/lib/thumb/v6-m/nofp\libnosys.a
END GROUP
START GROUP
LOAD C:/ST/STM32CubeIDE_2.0.0/STM32CubeIDE/plugins/com.st.stm32cube.ide.mcu.externaltools.gnu-tools-for-stm32.13.3.rel1.win32_1.0.100.202509120712/tools/bin/../lib/gcc/arm-none-eabi/13.3.1/thumb/v6-m/nofp\libgcc.a
LOAD C:/ST/STM32CubeIDE_2.0.0/STM32CubeIDE/plugins/com.st.stm32cube.ide.mcu.externaltools.gnu-tools-for-stm32.13.3.rel1.win32_1.0.100.202509120712/tools/bin/../lib/gcc/arm-none-eabi/13.3.1/../../../../arm-none-eabi/lib/thumb/v6-m/nofp\libc_nano.a
LOAD C:/ST/STM32CubeIDE_2.0.0/STM32CubeIDE/plugins/com.st.stm32cube.ide.mcu.externaltools.gnu-tools-for-stm32.13.3.rel1.win32_1.0.100.202509120712/tools/bin/../lib/gcc/arm-none-eabi/13.3.1/../../../../arm-none-eabi/lib/thumb/v6-m/nofp\libnosys.a
END GROUP
LOAD C:/ST/STM32CubeIDE_2.0.0/STM32CubeIDE/plugins/com.st.stm32cube.ide.mcu.externaltools.gnu-tools-for-stm32.13.3.rel1.win32_1.0.100.202509120712/tools/bin/../lib/gcc/arm-none-eabi/13.3.1/thumb/v6-m/nofp/crtend.o
LOAD C:/ST/STM32CubeIDE_2.0.0/STM32CubeIDE/plugins/com.st.stm32cube.ide.mcu.externaltools.gnu-tools-for-stm32.13.3.rel1.win32_1.0.100.202509120712/tools/bin/../lib/gcc/arm-none-eabi/13.3.1/thumb/v6-m/nofp/crtn.o
                0x20002000                        _estack = (ORIGIN (RAM) + LENGTH (RAM))
                0x00000200                        _Min_Heap_Size = 0x200
                0x00000400                        _Min_Stack_Size = 0x400

.isr_vector     0x08000000       0xb8
                0x08000000                        . = ALIGN (0x4)
 *(.isr_vector)
 .isr_vector    0x08000000       0xb8 ./Core/Startup/startup_stm32g030f6px.o
                0x08000000                g_pfnVectors
                0x080000b8                        . = ALIGN (0x4)

.text           0x080000b8     0x2f54
                0x080000b8                        . = ALIGN (0x4)
 *(.text)
 .text          0x080000b8       0x48 C:/ST/STM32CubeIDE_2.0.0/STM32CubeIDE/plugins/com.st.stm32cube.ide.mcu.externaltools.gnu-tools-for-stm32.13.3.rel1.win32_1.0.100.202509120712/tools/bin/../lib/gcc/arm-none-eabi/13.3.1/thumb/v6-m/nofp/crtbegin.o
 .text          0x08000100      0x114 C:/ST/STM32CubeIDE_2.0.0/STM32CubeIDE/plugins/com.st.stm32cube.ide.mcu.externaltools.gnu-tools-for-stm32.13.3.rel1.win32_1.0.100.202509120712/tools/bin/../lib/gcc/arm-none-eabi/13.3.1/thumb/v6-m/nofp\libgcc.a(_udivsi3.o)
                0x08000100                __aeabi_uidiv
                0x08000100                __udivsi3
                0x0800020c                __aeabi_uidivmod
 .text          0x08000214        0x4 C:/ST/STM32CubeIDE_2.0.0/STM32CubeIDE/plugins/com.st.stm32cube.ide.mcu.externaltools.gnu-tools-for-stm32.13.3.rel1.win32_1.0.100.202509120712/tools/bin/../lib/gcc/arm-none-eabi/13.3.1/thumb/v6-m/nofp\libgcc.a(_dvmd_tls.o)
                0x08000214                __aeabi_idiv0
                0x08000214                __aeabi_ldiv0
 *(.text*)
 .text.MX_GPIO_Init
                0x08000218      0x134 ./Core/Src/gpio.o
                0x08000218                MX_GPIO_Init
 .text.main     0x0800034c       0xb8 ./Core/Src/main.o
                0x0800034c                main
 .text.SystemClock_Config
                0x08000404       0x90 ./Core/Src/main.o
                0x08000404                SystemClock_Config
 .text.Error_Handler
                0x08000494        0xc ./Core/Src/main.o
                0x08000494                Error_Handler
 .text.startSPI
                0x080004a0       0x20 ./Core/Src/mcp2515.o
                0x080004a0                startSPI
 .text.endSPI   0x080004c0       0x20 ./Core/Src/mcp2515.o
                0x080004c0                endSPI
 .text.SPI_transfer
                0x080004e0       0x2e ./Core/Src/mcp2515.o
                0x080004e0                SPI_transfer
 .text.setRegister
                0x0800050e       0x56 ./Core/Src/mcp2515.o
                0x0800050e                setRegister
 .text.setRegisters
                0x08000564       0x88 ./Core/Src/mcp2515.o
                0x08000564                setRegisters
 .text.loadTx   0x080005ec       0x7e ./Core/Src/mcp2515.o
                0x080005ec                loadTx
 .text.modifyRegister
                0x0800066a       0x6c ./Core/Src/mcp2515.o
                0x0800066a                modifyRegister
 .text.readRegister
                0x080006d6       0x54 ./Core/Src/mcp2515.o
                0x080006d6                readRegister
 .text.readRx   0x0800072a       0x80 ./Core/Src/mcp2515.o
                0x0800072a                readRx
 .text.setMode  0x080007aa       0x92 ./Core/Src/mcp2515.o
                0x080007aa                setMode
 .text.setConfigMode
                0x0800083c       0x1c ./Core/Src/mcp2515.o
                0x0800083c                setConfigMode
 .text.prepareId
                0x08000858      0x106 ./Core/Src/mcp2515.o
                0x08000858                prepareId
 .text.MCP_getStatus
                0x0800095e       0x40 ./Core/Src/mcp2515.o
                0x0800095e                MCP_getStatus
 .text.MCP_setFilterMask
                0x0800099e       0x92 ./Core/Src/mcp2515.o
                0x0800099e                MCP_setFilterMask
 .text.MCP_setFilter
                0x08000a30       0xc0 ./Core/Src/mcp2515.o
                0x08000a30                MCP_setFilter
 .text.MCP_reset
                0x08000af0      0x170 ./Core/Src/mcp2515.o
                0x08000af0                MCP_reset
 .text.MCP_setMode
                0x08000c60       0x9a ./Core/Src/mcp2515.o
                0x08000c60                MCP_setMode
 *fill*         0x08000cfa        0x2 
 .text.MCP_setBitrate
                0x08000cfc      0x508 ./Core/Src/mcp2515.o
                0x08000cfc                MCP_setBitrate
 .text.MCP_RequestToSend
                0x08001204       0x34 ./Core/Src/mcp2515.o
                0x08001204                MCP_RequestToSend
 .text.MCP_sendMessageTo
                0x08001238      0x150 ./Core/Src/mcp2515.o
                0x08001238                MCP_sendMessageTo
 .text.MCP_sendMessage
                0x08001388       0x7e ./Core/Src/mcp2515.o
                0x08001388                MCP_sendMessage
 .text.MCP_readMessageFrom
                0x08001406      0x172 ./Core/Src/mcp2515.o
                0x08001406                MCP_readMessageFrom
 .text.MCP_readMessage
                0x08001578       0x72 ./Core/Src/mcp2515.o
                0x08001578                MCP_readMessage
 *fill*         0x080015ea        0x2 
 .text.MX_SPI1_Init
                0x080015ec       0x7c ./Core/Src/spi.o
                0x080015ec                MX_SPI1_Init
 .text.HAL_SPI_MspInit
                0x08001668       0x94 ./Core/Src/spi.o
                0x08001668                HAL_SPI_MspInit
 .text.HAL_MspInit
                0x080016fc       0x48 ./Core/Src/stm32g0xx_hal_msp.o
                0x080016fc                HAL_MspInit
 .text.NMI_Handler
                0x08001744        0x8 ./Core/Src/stm32g0xx_it.o
                0x08001744                NMI_Handler
 .text.HardFault_Handler
                0x0800174c        0x8 ./Core/Src/stm32g0xx_it.o
                0x0800174c                HardFault_Handler
 .text.SVC_Handler
                0x08001754        0xa ./Core/Src/stm32g0xx_it.o
                0x08001754                SVC_Handler
 .text.PendSV_Handler
                0x0800175e        0xa ./Core/Src/stm32g0xx_it.o
                0x0800175e                PendSV_Handler
 .text.SysTick_Handler
                0x08001768        0xe ./Core/Src/stm32g0xx_it.o
                0x08001768                SysTick_Handler
 .text.SystemInit
                0x08001776        0xa ./Core/Src/system_stm32g0xx.o
                0x08001776                SystemInit
 .text.Reset_Handler
                0x08001780       0x50 ./Core/Startup/startup_stm32g030f6px.o
                0x08001780                Reset_Handler
 .text.Default_Handler
                0x080017d0        0x2 ./Core/Startup/startup_stm32g030f6px.o
                0x080017d0                TIM1_CC_IRQHandler
                0x080017d0                I2C1_IRQHandler
                0x080017d0                RTC_TAMP_IRQHandler
                0x080017d0                SPI1_IRQHandler
                0x080017d0                DMA1_Ch4_5_DMAMUX1_OVR_IRQHandler
                0x080017d0                EXTI2_3_IRQHandler
                0x080017d0                ADC1_IRQHandler
                0x080017d0                I2C2_IRQHandler
                0x080017d0                TIM17_IRQHandler
                0x080017d0                TIM16_IRQHandler
                0x080017d0                TIM3_IRQHandler
                0x080017d0                EXTI4_15_IRQHandler
                0x080017d0                RCC_IRQHandler
                0x080017d0                DMA1_Channel1_IRQHandler
                0x080017d0                Default_Handler
                0x080017d0                TIM14_IRQHandler
                0x080017d0                EXTI0_1_IRQHandler
                0x080017d0                SPI2_IRQHandler
                0x080017d0                WWDG_IRQHandler
                0x080017d0                DMA1_Channel2_3_IRQHandler
                0x080017d0                USART2_IRQHandler
                0x080017d0                FLASH_IRQHandler
                0x080017d0                USART1_IRQHandler
                0x080017d0                TIM1_BRK_UP_TRG_COM_IRQHandler
 *fill*         0x080017d2        0x2 
 .text.HAL_Init
                0x080017d4       0x40 ./Drivers/STM32G0xx_HAL_Driver/Src/stm32g0xx_hal.o
                0x080017d4                HAL_Init
 .text.HAL_InitTick
                0x08001814       0x94 ./Drivers/STM32G0xx_HAL_Driver/Src/stm32g0xx_hal.o
                0x08001814                HAL_InitTick
 .text.HAL_IncTick
                0x080018a8       0x24 ./Drivers/STM32G0xx_HAL_Driver/Src/stm32g0xx_hal.o
                0x080018a8                HAL_IncTick
 .text.HAL_GetTick
                0x080018cc       0x14 ./Drivers/STM32G0xx_HAL_Driver/Src/stm32g0xx_hal.o
                0x080018cc                HAL_GetTick
 .text.HAL_Delay
                0x080018e0       0x48 ./Drivers/STM32G0xx_HAL_Driver/Src/stm32g0xx_hal.o
                0x080018e0                HAL_Delay
 .text.__NVIC_SetPriority
                0x08001928       0xdc ./Drivers/STM32G0xx_HAL_Driver/Src/stm32g0xx_hal_cortex.o
 .text.SysTick_Config
                0x08001a04       0x48 ./Drivers/STM32G0xx_HAL_Driver/Src/stm32g0xx_hal_cortex.o
 .text.HAL_NVIC_SetPriority
                0x08001a4c       0x2a ./Drivers/STM32G0xx_HAL_Driver/Src/stm32g0xx_hal_cortex.o
                0x08001a4c                HAL_NVIC_SetPriority
 .text.HAL_SYSTICK_Config
                0x08001a76       0x1a ./Drivers/STM32G0xx_HAL_Driver/Src/stm32g0xx_hal_cortex.o
                0x08001a76                HAL_SYSTICK_Config
 .text.HAL_GPIO_Init
                0x08001a90      0x2c8 ./Drivers/STM32G0xx_HAL_Driver/Src/stm32g0xx_hal_gpio.o
                0x08001a90                HAL_GPIO_Init
 .text.HAL_GPIO_WritePin
                0x08001d58       0x3a ./Drivers/STM32G0xx_HAL_Driver/Src/stm32g0xx_hal_gpio.o
                0x08001d58                HAL_GPIO_WritePin
 .text.HAL_GPIO_TogglePin
                0x08001d92       0x36 ./Drivers/STM32G0xx_HAL_Driver/Src/stm32g0xx_hal_gpio.o
                0x08001d92                HAL_GPIO_TogglePin
 .text.HAL_PWREx_ControlVoltageScaling
                0x08001dc8       0x80 ./Drivers/STM32G0xx_HAL_Driver/Src/stm32g0xx_hal_pwr_ex.o
                0x08001dc8                HAL_PWREx_ControlVoltageScaling
 .text.HAL_RCC_OscConfig
                0x08001e48      0x620 ./Drivers/STM32G0xx_HAL_Driver/Src/stm32g0xx_hal_rcc.o
                0x08001e48                HAL_RCC_OscConfig
 .text.HAL_RCC_ClockConfig
                0x08002468      0x210 ./Drivers/STM32G0xx_HAL_Driver/Src/stm32g0xx_hal_rcc.o
                0x08002468                HAL_RCC_ClockConfig
 .text.HAL_RCC_GetSysClockFreq
                0x08002678      0x104 ./Drivers/STM32G0xx_HAL_Driver/Src/stm32g0xx_hal_rcc.o
                0x08002678                HAL_RCC_GetSysClockFreq
 .text.HAL_SPI_Init
                0x0800277c      0x170 ./Drivers/STM32G0xx_HAL_Driver/Src/stm32g0xx_hal_spi.o
                0x0800277c                HAL_SPI_Init
 .text.HAL_SPI_TransmitReceive
                0x080028ec      0x3c4 ./Drivers/STM32G0xx_HAL_Driver/Src/stm32g0xx_hal_spi.o
                0x080028ec                HAL_SPI_TransmitReceive
 .text.SPI_WaitFlagStateUntilTimeout
                0x08002cb0      0x11c ./Drivers/STM32G0xx_HAL_Driver/Src/stm32g0xx_hal_spi.o
 .text.SPI_WaitFifoStateUntilTimeout
                0x08002dcc      0x144 ./Drivers/STM32G0xx_HAL_Driver/Src/stm32g0xx_hal_spi.o
 .text.SPI_EndRxTxTransaction
                0x08002f10       0x8c ./Drivers/STM32G0xx_HAL_Driver/Src/stm32g0xx_hal_spi.o
 .text.memset   0x08002f9c       0x10 C:/ST/STM32CubeIDE_2.0.0/STM32CubeIDE/plugins/com.st.stm32cube.ide.mcu.externaltools.gnu-tools-for-stm32.13.3.rel1.win32_1.0.100.202509120712/tools/bin/../lib/gcc/arm-none-eabi/13.3.1/../../../../arm-none-eabi/lib/thumb/v6-m/nofp\libc_nano.a(libc_a-memset.o)
                0x08002f9c                memset
 .text.__libc_init_array
                0x08002fac       0x48 C:/ST/STM32CubeIDE_2.0.0/STM32CubeIDE/plugins/com.st.stm32cube.ide.mcu.externaltools.gnu-tools-for-stm32.13.3.rel1.win32_1.0.100.202509120712/tools/bin/../lib/gcc/arm-none-eabi/13.3.1/../../../../arm-none-eabi/lib/thumb/v6-m/nofp\libc_nano.a(libc_a-init.o)
                0x08002fac                __libc_init_array
 *(.glue_7)
 .glue_7        0x08002ff4        0x0 linker stubs
 *(.glue_7t)
 .glue_7t       0x08002ff4        0x0 linker stubs
 *(.eh_frame)
 .eh_frame      0x08002ff4        0x0 C:/ST/STM32CubeIDE_2.0.0/STM32CubeIDE/plugins/com.st.stm32cube.ide.mcu.externaltools.gnu-tools-for-stm32.13.3.rel1.win32_1.0.100.202509120712/tools/bin/../lib/gcc/arm-none-eabi/13.3.1/thumb/v6-m/nofp/crtbegin.o
 *(.init)
 .init          0x08002ff4        0x4 C:/ST/STM32CubeIDE_2.0.0/STM32CubeIDE/plugins/com.st.stm32cube.ide.mcu.externaltools.gnu-tools-for-stm32.13.3.rel1.win32_1.0.100.202509120712/tools/bin/../lib/gcc/arm-none-eabi/13.3.1/thumb/v6-m/nofp/crti.o
                0x08002ff4                _init
 .init          0x08002ff8        0x8 C:/ST/STM32CubeIDE_2.0.0/STM32CubeIDE/plugins/com.st.stm32cube.ide.mcu.externaltools.gnu-tools-for-stm32.13.3.rel1.win32_1.0.100.202509120712/tools/bin/../lib/gcc/arm-none-eabi/13.3.1/thumb/v6-m/nofp/crtn.o
 *(.fini)
 .fini          0x08003000        0x4 C:/ST/STM32CubeIDE_2.0.0/STM32CubeIDE/plugins/com.st.stm32cube.ide.mcu.externaltools.gnu-tools-for-stm32.13.3.rel1.win32_1.0.100.202509120712/tools/bin/../lib/gcc/arm-none-eabi/13.3.1/thumb/v6-m/nofp/crti.o
                0x08003000                _fini
 .fini          0x08003004        0x8 C:/ST/STM32CubeIDE_2.0.0/STM32CubeIDE/plugins/com.st.stm32cube.ide.mcu.externaltools.gnu-tools-for-stm32.13.3.rel1.win32_1.0.100.202509120712/tools/bin/../lib/gcc/arm-none-eabi/13.3.1/thumb/v6-m/nofp/crtn.o
                0x0800300c                        . = ALIGN (0x4)
                0x0800300c                        _etext = .

.vfp11_veneer   0x0800300c        0x0
 .vfp11_veneer  0x0800300c        0x0 linker stubs

.v4_bx          0x0800300c        0x0
 .v4_bx         0x0800300c        0x0 linker stubs

.iplt           0x0800300c        0x0
 .iplt          0x0800300c        0x0 C:/ST/STM32CubeIDE_2.0.0/STM32CubeIDE/plugins/com.st.stm32cube.ide.mcu.externaltools.gnu-tools-for-stm32.13.3.rel1.win32_1.0.100.202509120712/tools/bin/../lib/gcc/arm-none-eabi/13.3.1/thumb/v6-m/nofp/crtbegin.o

.rodata         0x0800300c      0x110
                0x0800300c                        . = ALIGN (0x4)
 *(.rodata)
 .rodata        0x0800300c        0x6 ./Core/Src/mcp2515.o
 *(.rodata*)
 *fill*         0x08003012        0x2 
 .rodata.MCP_setFilter
                0x08003014       0x18 ./Core/Src/mcp2515.o
 .rodata.MCP_setBitrate
                0x0800302c       0xb0 ./Core/Src/mcp2515.o
 .rodata.AHBPrescTable
                0x080030dc       0x40 ./Core/Src/system_stm32g0xx.o
                0x080030dc                AHBPrescTable
                0x0800311c                        . = ALIGN (0x4)

.ARM.extab      0x0800311c        0x0
                0x0800311c                        . = ALIGN (0x4)
 *(.ARM.extab* .gnu.linkonce.armextab.*)
                0x0800311c                        . = ALIGN (0x4)

.ARM            0x0800311c        0x0
                0x0800311c                        . = ALIGN (0x4)
                0x0800311c                        __exidx_start = .
 *(.ARM.exidx*)
                0x0800311c                        __exidx_end = .
                0x0800311c                        . = ALIGN (0x4)

.preinit_array  0x0800311c        0x0
                0x0800311c                        . = ALIGN (0x4)
                0x0800311c                        PROVIDE (__preinit_array_start = .)
 *(.preinit_array*)
                0x0800311c                        PROVIDE (__preinit_array_end = .)
                0x0800311c                        . = ALIGN (0x4)

.init_array     0x0800311c        0x4
                0x0800311c                        . = ALIGN (0x4)
                0x0800311c                        PROVIDE (__init_array_start = .)
 *(SORT_BY_NAME(.init_array.*))
 *(.init_array*)
 .init_array    0x0800311c        0x4 C:/ST/STM32CubeIDE_2.0.0/STM32CubeIDE/plugins/com.st.stm32cube.ide.mcu.externaltools.gnu-tools-for-stm32.13.3.rel1.win32_1.0.100.202509120712/tools/bin/../lib/gcc/arm-none-eabi/13.3.1/thumb/v6-m/nofp/crtbegin.o
                0x08003120                        PROVIDE (__init_array_end = .)
                0x08003120                        . = ALIGN (0x4)

.fini_array     0x08003120        0x4
                0x08003120                        . = ALIGN (0x4)
                [!provide]                        PROVIDE (__fini_array_start = .)
 *(SORT_BY_NAME(.fini_array.*))
 *(.fini_array*)
 .fini_array    0x08003120        0x4 C:/ST/STM32CubeIDE_2.0.0/STM32CubeIDE/plugins/com.st.stm32cube.ide.mcu.externaltools.gnu-tools-for-stm32.13.3.rel1.win32_1.0.100.202509120712/tools/bin/../lib/gcc/arm-none-eabi/13.3.1/thumb/v6-m/nofp/crtbegin.o
                [!provide]                        PROVIDE (__fini_array_end = .)
                0x08003124                        . = ALIGN (0x4)
                0x08003124                        _sidata = LOADADDR (.data)

.rel.dyn        0x08003124        0x0
 .rel.iplt      0x08003124        0x0 C:/ST/STM32CubeIDE_2.0.0/STM32CubeIDE/plugins/com.st.stm32cube.ide.mcu.externaltools.gnu-tools-for-stm32.13.3.rel1.win32_1.0.100.202509120712/tools/bin/../lib/gcc/arm-none-eabi/13.3.1/thumb/v6-m/nofp/crtbegin.o

.data           0x20000000        0xc load address 0x08003124
                0x20000000                        . = ALIGN (0x4)
                0x20000000                        _sdata = .
 *(.data)
 *(.data*)
 .data.SystemCoreClock
                0x20000000        0x4 ./Core/Src/system_stm32g0xx.o
                0x20000000                SystemCoreClock
 .data.uwTickPrio
                0x20000004        0x4 ./Drivers/STM32G0xx_HAL_Driver/Src/stm32g0xx_hal.o
                0x20000004                uwTickPrio
 .data.uwTickFreq
                0x20000008        0x1 ./Drivers/STM32G0xx_HAL_Driver/Src/stm32g0xx_hal.o
                0x20000008                uwTickFreq
 *(.RamFunc)
 *(.RamFunc*)
                0x2000000c                        . = ALIGN (0x4)
 *fill*         0x20000009        0x3 
                0x2000000c                        _edata = .

.igot.plt       0x2000000c        0x0 load address 0x08003130
 .igot.plt      0x2000000c        0x0 C:/ST/STM32CubeIDE_2.0.0/STM32CubeIDE/plugins/com.st.stm32cube.ide.mcu.externaltools.gnu-tools-for-stm32.13.3.rel1.win32_1.0.100.202509120712/tools/bin/../lib/gcc/arm-none-eabi/13.3.1/thumb/v6-m/nofp/crtbegin.o
                0x2000000c                        . = ALIGN (0x4)

.bss            0x20000010       0xb8 load address 0x08003130
                0x20000010                        _sbss = .
                0x20000010                        __bss_start__ = _sbss
 *(.bss)
 .bss           0x20000010       0x1c C:/ST/STM32CubeIDE_2.0.0/STM32CubeIDE/plugins/com.st.stm32cube.ide.mcu.externaltools.gnu-tools-for-stm32.13.3.rel1.win32_1.0.100.202509120712/tools/bin/../lib/gcc/arm-none-eabi/13.3.1/thumb/v6-m/nofp/crtbegin.o
 *(.bss*)
 .bss.mcp2515   0x2000002c       0x10 ./Core/Src/main.o
                0x2000002c                mcp2515
 *fill*         0x2000003c        0x4 
 .bss.TxFrame   0x20000040       0x10 ./Core/Src/main.o
                0x20000040                TxFrame
 .bss.RxFrame   0x20000050       0x10 ./Core/Src/main.o
                0x20000050                RxFrame
 .bss.hspi1     0x20000060       0x64 ./Core/Src/spi.o
                0x20000060                hspi1
 .bss.uwTick    0x200000c4        0x4 ./Drivers/STM32G0xx_HAL_Driver/Src/stm32g0xx_hal.o
                0x200000c4                uwTick
 *(COMMON)
                0x200000c8                        . = ALIGN (0x4)
                0x200000c8                        _ebss = .
                0x200000c8                        __bss_end__ = _ebss

._user_heap_stack
                0x200000c8      0x600 load address 0x08003130
                0x200000c8                        . = ALIGN (0x8)
                [!provide]                        PROVIDE (end = .)
                0x200000c8                        PROVIDE (_end = .)
                0x200002c8                        . = (. + _Min_Heap_Size)
 *fill*         0x200000c8      0x200 
                0x200006c8                        . = (. + _Min_Stack_Size)
 *fill*         0x200002c8      0x400 
                0x200006c8                        . = ALIGN (0x8)

/DISCARD/
 libc.a(*)
 libm.a(*)
 libgcc.a(*)

.ARM.attributes
                0x00000000       0x28
 *(.ARM.attributes)
 .ARM.attributes
                0x00000000       0x1e C:/ST/STM32CubeIDE_2.0.0/STM32CubeIDE/plugins/com.st.stm32cube.ide.mcu.externaltools.gnu-tools-for-stm32.13.3.rel1.win32_1.0.100.202509120712/tools/bin/../lib/gcc/arm-none-eabi/13.3.1/thumb/v6-m/nofp/crti.o
 .ARM.attributes
                0x0000001e       0x2c C:/ST/STM32CubeIDE_2.0.0/STM32CubeIDE/plugins/com.st.stm32cube.ide.mcu.externaltools.gnu-tools-for-stm32.13.3.rel1.win32_1.0.100.202509120712/tools/bin/../lib/gcc/arm-none-eabi/13.3.1/thumb/v6-m/nofp/crtbegin.o
 .ARM.attributes
                0x0000004a       0x2c ./Core/Src/gpio.o
 .ARM.attributes
                0x00000076       0x2c ./Core/Src/main.o
 .ARM.attributes
                0x000000a2       0x2c ./Core/Src/mcp2515.o
 .ARM.attributes
                0x000000ce       0x2c ./Core/Src/spi.o
 .ARM.attributes
                0x000000fa       0x2c ./Core/Src/stm32g0xx_hal_msp.o
 .ARM.attributes
                0x00000126       0x2c ./Core/Src/stm32g0xx_it.o
 .ARM.attributes
                0x00000152       0x2c ./Core/Src/system_stm32g0xx.o
 .ARM.attributes
                0x0000017e       0x22 ./Core/Startup/startup_stm32g030f6px.o
 .ARM.attributes
                0x000001a0       0x2c ./Drivers/STM32G0xx_HAL_Driver/Src/stm32g0xx_hal.o
 .ARM.attributes
                0x000001cc       0x2c ./Drivers/STM32G0xx_HAL_Driver/Src/stm32g0xx_hal_cortex.o
 .ARM.attributes
                0x000001f8       0x2c ./Drivers/STM32G0xx_HAL_Driver/Src/stm32g0xx_hal_gpio.o
 .ARM.attributes
                0x00000224       0x2c ./Drivers/STM32G0xx_HAL_Driver/Src/stm32g0xx_hal_pwr_ex.o
 .ARM.attributes
                0x00000250       0x2c ./Drivers/STM32G0xx_HAL_Driver/Src/stm32g0xx_hal_rcc.o
 .ARM.attributes
                0x0000027c       0x2c ./Drivers/STM32G0xx_HAL_Driver/Src/stm32g0xx_hal_spi.o
 .ARM.attributes
                0x000002a8       0x2c C:/ST/STM32CubeIDE_2.0.0/STM32CubeIDE/plugins/com.st.stm32cube.ide.mcu.externaltools.gnu-tools-for-stm32.13.3.rel1.win32_1.0.100.202509120712/tools/bin/../lib/gcc/arm-none-eabi/13.3.1/../../../../arm-none-eabi/lib/thumb/v6-m/nofp\libc_nano.a(libc_a-memset.o)
 .ARM.attributes
                0x000002d4       0x2c C:/ST/STM32CubeIDE_2.0.0/STM32CubeIDE/plugins/com.st.stm32cube.ide.mcu.externaltools.gnu-tools-for-stm32.13.3.rel1.win32_1.0.100.202509120712/tools/bin/../lib/gcc/arm-none-eabi/13.3.1/../../../../arm-none-eabi/lib/thumb/v6-m/nofp\libc_nano.a(libc_a-init.o)
 .ARM.attributes
                0x00000300       0x1e C:/ST/STM32CubeIDE_2.0.0/STM32CubeIDE/plugins/com.st.stm32cube.ide.mcu.externaltools.gnu-tools-for-stm32.13.3.rel1.win32_1.0.100.202509120712/tools/bin/../lib/gcc/arm-none-eabi/13.3.1/thumb/v6-m/nofp\libgcc.a(_udivsi3.o)
 .ARM.attributes
                0x0000031e       0x1e C:/ST/STM32CubeIDE_2.0.0/STM32CubeIDE/plugins/com.st.stm32cube.ide.mcu.externaltools.gnu-tools-for-stm32.13.3.rel1.win32_1.0.100.202509120712/tools/bin/../lib/gcc/arm-none-eabi/13.3.1/thumb/v6-m/nofp\libgcc.a(_dvmd_tls.o)
 .ARM.attributes
                0x0000033c       0x1e C:/ST/STM32CubeIDE_2.0.0/STM32CubeIDE/plugins/com.st.stm32cube.ide.mcu.externaltools.gnu-tools-for-stm32.13.3.rel1.win32_1.0.100.202509120712/tools/bin/../lib/gcc/arm-none-eabi/13.3.1/thumb/v6-m/nofp/crtn.o
OUTPUT(G030-MCP2515.elf elf32-littlearm)
LOAD linker stubs
LOAD C:/ST/STM32CubeIDE_2.0.0/STM32CubeIDE/plugins/com.st.stm32cube.ide.mcu.externaltools.gnu-tools-for-stm32.13.3.rel1.win32_1.0.100.202509120712/tools/bin/../lib/gcc/arm-none-eabi/13.3.1/../../../../arm-none-eabi/lib/thumb/v6-m/nofp\libc.a
LOAD C:/ST/STM32CubeIDE_2.0.0/STM32CubeIDE/plugins/com.st.stm32cube.ide.mcu.externaltools.gnu-tools-for-stm32.13.3.rel1.win32_1.0.100.202509120712/tools/bin/../lib/gcc/arm-none-eabi/13.3.1/../../../../arm-none-eabi/lib/thumb/v6-m/nofp\libm.a
LOAD C:/ST/STM32CubeIDE_2.0.0/STM32CubeIDE/plugins/com.st.stm32cube.ide.mcu.externaltools.gnu-tools-for-stm32.13.3.rel1.win32_1.0.100.202509120712/tools/bin/../lib/gcc/arm-none-eabi/13.3.1/thumb/v6-m/nofp\libgcc.a

.debug_info     0x00000000     0x7f4a
 .debug_info    0x00000000      0x3f7 ./Core/Src/gpio.o
 .debug_info    0x000003f7      0xf96 ./Core/Src/main.o
 .debug_info    0x0000138d     0x1d55 ./Core/Src/mcp2515.o
 .debug_info    0x000030e2      0x9ea ./Core/Src/spi.o
 .debug_info    0x00003acc      0x265 ./Core/Src/stm32g0xx_hal_msp.o
 .debug_info    0x00003d31      0x117 ./Core/Src/stm32g0xx_it.o
 .debug_info    0x00003e48      0x316 ./Core/Src/system_stm32g0xx.o
 .debug_info    0x0000415e       0x30 ./Core/Startup/startup_stm32g030f6px.o
 .debug_info    0x0000418e      0x8f0 ./Drivers/STM32G0xx_HAL_Driver/Src/stm32g0xx_hal.o
 .debug_info    0x00004a7e      0x8a9 ./Drivers/STM32G0xx_HAL_Driver/Src/stm32g0xx_hal_cortex.o
 .debug_info    0x00005327      0x59d ./Drivers/STM32G0xx_HAL_Driver/Src/stm32g0xx_hal_gpio.o
 .debug_info    0x000058c4      0x496 ./Drivers/STM32G0xx_HAL_Driver/Src/stm32g0xx_hal_pwr_ex.o
 .debug_info    0x00005d5a      0xad0 ./Drivers/STM32G0xx_HAL_Driver/Src/stm32g0xx_hal_rcc.o
 .debug_info    0x0000682a     0x1720 ./Drivers/STM32G0xx_HAL_Driver/Src/stm32g0xx_hal_spi.o

.debug_abbrev   0x00000000     0x1a2b
 .debug_abbrev  0x00000000      0x158 ./Core/Src/gpio.o
 .debug_abbrev  0x00000158      0x295 ./Core/Src/main.o
 .debug_abbrev  0x000003ed      0x350 ./Core/Src/mcp2515.o
 .debug_abbrev  0x0000073d      0x1f7 ./Core/Src/spi.o
 .debug_abbrev  0x00000934       0xdd ./Core/Src/stm32g0xx_hal_msp.o
 .debug_abbrev  0x00000a11       0xac ./Core/Src/stm32g0xx_it.o
 .debug_abbrev  0x00000abd      0x119 ./Core/Src/system_stm32g0xx.o
 .debug_abbrev  0x00000bd6       0x24 ./Core/Startup/startup_stm32g030f6px.o
 .debug_abbrev  0x00000bfa      0x2b4 ./Drivers/STM32G0xx_HAL_Driver/Src/stm32g0xx_hal.o
 .debug_abbrev  0x00000eae      0x2ab ./Drivers/STM32G0xx_HAL_Driver/Src/stm32g0xx_hal_cortex.o
 .debug_abbrev  0x00001159      0x1c3 ./Drivers/STM32G0xx_HAL_Driver/Src/stm32g0xx_hal_gpio.o
 .debug_abbrev  0x0000131c      0x1d7 ./Drivers/STM32G0xx_HAL_Driver/Src/stm32g0xx_hal_pwr_ex.o
 .debug_abbrev  0x000014f3      0x2a9 ./Drivers/STM32G0xx_HAL_Driver/Src/stm32g0xx_hal_rcc.o
 .debug_abbrev  0x0000179c      0x28f ./Drivers/STM32G0xx_HAL_Driver/Src/stm32g0xx_hal_spi.o

.debug_aranges  0x00000000      0x7c8
 .debug_aranges
                0x00000000       0x20 ./Core/Src/gpio.o
 .debug_aranges
                0x00000020       0x38 ./Core/Src/main.o
 .debug_aranges
                0x00000058      0x138 ./Core/Src/mcp2515.o
 .debug_aranges
                0x00000190       0x30 ./Core/Src/spi.o
 .debug_aranges
                0x000001c0       0x20 ./Core/Src/stm32g0xx_hal_msp.o
 .debug_aranges
                0x000001e0       0x40 ./Core/Src/stm32g0xx_it.o
 .debug_aranges
                0x00000220       0x28 ./Core/Src/system_stm32g0xx.o
 .debug_aranges
                0x00000248       0x28 ./Core/Startup/startup_stm32g030f6px.o
 .debug_aranges
                0x00000270      0x100 ./Drivers/STM32G0xx_HAL_Driver/Src/stm32g0xx_hal.o
 .debug_aranges
                0x00000370       0xe8 ./Drivers/STM32G0xx_HAL_Driver/Src/stm32g0xx_hal_cortex.o
 .debug_aranges
                0x00000458       0x60 ./Drivers/STM32G0xx_HAL_Driver/Src/stm32g0xx_hal_gpio.o
 .debug_aranges
                0x000004b8       0x98 ./Drivers/STM32G0xx_HAL_Driver/Src/stm32g0xx_hal_pwr_ex.o
 .debug_aranges
                0x00000550       0xa0 ./Drivers/STM32G0xx_HAL_Driver/Src/stm32g0xx_hal_rcc.o
 .debug_aranges
                0x000005f0      0x1d8 ./Drivers/STM32G0xx_HAL_Driver/Src/stm32g0xx_hal_spi.o

.debug_rnglists
                0x00000000      0x5da
 .debug_rnglists
                0x00000000       0x14 ./Core/Src/gpio.o
 .debug_rnglists
                0x00000014       0x27 ./Core/Src/main.o
 .debug_rnglists
                0x0000003b       0xfe ./Core/Src/mcp2515.o
 .debug_rnglists
                0x00000139       0x20 ./Core/Src/spi.o
 .debug_rnglists
                0x00000159       0x13 ./Core/Src/stm32g0xx_hal_msp.o
 .debug_rnglists
                0x0000016c       0x2b ./Core/Src/stm32g0xx_it.o
 .debug_rnglists
                0x00000197       0x1a ./Core/Src/system_stm32g0xx.o
 .debug_rnglists
                0x000001b1       0x19 ./Core/Startup/startup_stm32g030f6px.o
 .debug_rnglists
                0x000001ca       0xbc ./Drivers/STM32G0xx_HAL_Driver/Src/stm32g0xx_hal.o
 .debug_rnglists
                0x00000286       0xaa ./Drivers/STM32G0xx_HAL_Driver/Src/stm32g0xx_hal_cortex.o
 .debug_rnglists
                0x00000330       0x45 ./Drivers/STM32G0xx_HAL_Driver/Src/stm32g0xx_hal_gpio.o
 .debug_rnglists
                0x00000375       0x72 ./Drivers/STM32G0xx_HAL_Driver/Src/stm32g0xx_hal_pwr_ex.o
 .debug_rnglists
                0x000003e7       0x79 ./Drivers/STM32G0xx_HAL_Driver/Src/stm32g0xx_hal_rcc.o
 .debug_rnglists
                0x00000460      0x17a ./Drivers/STM32G0xx_HAL_Driver/Src/stm32g0xx_hal_spi.o

.debug_macro    0x00000000    0x145ee
 .debug_macro   0x00000000      0x1e5 ./Core/Src/gpio.o
 .debug_macro   0x000001e5      0xaae ./Core/Src/gpio.o
 .debug_macro   0x00000c93      0x117 ./Core/Src/gpio.o
 .debug_macro   0x00000daa       0x2e ./Core/Src/gpio.o
 .debug_macro   0x00000dd8       0x28 ./Core/Src/gpio.o
 .debug_macro   0x00000e00       0x22 ./Core/Src/gpio.o
 .debug_macro   0x00000e22       0x8e ./Core/Src/gpio.o
 .debug_macro   0x00000eb0       0x51 ./Core/Src/gpio.o
 .debug_macro   0x00000f01      0x103 ./Core/Src/gpio.o
 .debug_macro   0x00001004       0x6a ./Core/Src/gpio.o
 .debug_macro   0x0000106e      0x1df ./Core/Src/gpio.o
 .debug_macro   0x0000124d       0x1c ./Core/Src/gpio.o
 .debug_macro   0x00001269       0x22 ./Core/Src/gpio.o
 .debug_macro   0x0000128b       0xd1 ./Core/Src/gpio.o
 .debug_macro   0x0000135c      0x4da ./Core/Src/gpio.o
 .debug_macro   0x00001836      0x11f ./Core/Src/gpio.o
 .debug_macro   0x00001955     0xa0e8 ./Core/Src/gpio.o
 .debug_macro   0x0000ba3d       0x66 ./Core/Src/gpio.o
 .debug_macro   0x0000baa3     0x350e ./Core/Src/gpio.o
 .debug_macro   0x0000efb1      0x190 ./Core/Src/gpio.o
 .debug_macro   0x0000f141       0x5c ./Core/Src/gpio.o
 .debug_macro   0x0000f19d      0x462 ./Core/Src/gpio.o
 .debug_macro   0x0000f5ff      0xe1a ./Core/Src/gpio.o
 .debug_macro   0x00010419      0x106 ./Core/Src/gpio.o
 .debug_macro   0x0001051f      0x1cf ./Core/Src/gpio.o
 .debug_macro   0x000106ee       0xff ./Core/Src/gpio.o
 .debug_macro   0x000107ed      0x33c ./Core/Src/gpio.o
 .debug_macro   0x00010b29      0x202 ./Core/Src/gpio.o
 .debug_macro   0x00010d2b      0x2c7 ./Core/Src/gpio.o
 .debug_macro   0x00010ff2      0x198 ./Core/Src/gpio.o
 .debug_macro   0x0001118a       0x43 ./Core/Src/gpio.o
 .debug_macro   0x000111cd      0x1f1 ./Core/Src/gpio.o
 .debug_macro   0x000113be      0x1d6 ./Core/Src/gpio.o
 .debug_macro   0x00011594      0x2a3 ./Core/Src/gpio.o
 .debug_macro   0x00011837       0x28 ./Core/Src/gpio.o
 .debug_macro   0x0001185f       0xcf ./Core/Src/gpio.o
 .debug_macro   0x0001192e       0xff ./Core/Src/gpio.o
 .debug_macro   0x00011a2d      0x10d ./Core/Src/gpio.o
 .debug_macro   0x00011b3a      0x2fe ./Core/Src/gpio.o
 .debug_macro   0x00011e38      0x412 ./Core/Src/gpio.o
 .debug_macro   0x0001224a       0x28 ./Core/Src/gpio.o
 .debug_macro   0x00012272      0x2d0 ./Core/Src/main.o
 .debug_macro   0x00012542       0x61 ./Core/Src/main.o
 .debug_macro   0x000125a3       0x24 ./Core/Src/main.o
 .debug_macro   0x000125c7       0x43 ./Core/Src/main.o
 .debug_macro   0x0001260a       0x34 ./Core/Src/main.o
 .debug_macro   0x0001263e      0x370 ./Core/Src/main.o
 .debug_macro   0x000129ae       0x16 ./Core/Src/main.o
 .debug_macro   0x000129c4       0x4a ./Core/Src/main.o
 .debug_macro   0x00012a0e       0x34 ./Core/Src/main.o
 .debug_macro   0x00012a42       0x10 ./Core/Src/main.o
 .debug_macro   0x00012a52       0x58 ./Core/Src/main.o
 .debug_macro   0x00012aaa       0x8e ./Core/Src/main.o
 .debug_macro   0x00012b38       0x1c ./Core/Src/main.o
 .debug_macro   0x00012b54      0x185 ./Core/Src/main.o
 .debug_macro   0x00012cd9       0x10 ./Core/Src/main.o
 .debug_macro   0x00012ce9       0x3c ./Core/Src/main.o
 .debug_macro   0x00012d25       0x20 ./Core/Src/main.o
 .debug_macro   0x00012d45      0x340 ./Core/Src/main.o
 .debug_macro   0x00013085      0x2af ./Core/Src/mcp2515.o
 .debug_macro   0x00013334      0x1e5 ./Core/Src/spi.o
 .debug_macro   0x00013519      0x1db ./Core/Src/stm32g0xx_hal_msp.o
 .debug_macro   0x000136f4      0x1e5 ./Core/Src/stm32g0xx_it.o
 .debug_macro   0x000138d9      0x1cc ./Core/Src/system_stm32g0xx.o
 .debug_macro   0x00013aa5      0x1ea ./Drivers/STM32G0xx_HAL_Driver/Src/stm32g0xx_hal.o
 .debug_macro   0x00013c8f      0x1cc ./Drivers/STM32G0xx_HAL_Driver/Src/stm32g0xx_hal_cortex.o
 .debug_macro   0x00013e5b      0x1d3 ./Drivers/STM32G0xx_HAL_Driver/Src/stm32g0xx_hal_gpio.o
 .debug_macro   0x0001402e      0x1de ./Drivers/STM32G0xx_HAL_Driver/Src/stm32g0xx_hal_pwr_ex.o
 .debug_macro   0x0001420c      0x20e ./Drivers/STM32G0xx_HAL_Driver/Src/stm32g0xx_hal_rcc.o
 .debug_macro   0x0001441a      0x1d4 ./Drivers/STM32G0xx_HAL_Driver/Src/stm32g0xx_hal_spi.o

.debug_line     0x00000000     0x9cd3
 .debug_line    0x00000000      0x791 ./Core/Src/gpio.o
 .debug_line    0x00000791      0x997 ./Core/Src/main.o
 .debug_line    0x00001128     0x117b ./Core/Src/mcp2515.o
 .debug_line    0x000022a3      0x7d7 ./Core/Src/spi.o
 .debug_line    0x00002a7a      0x75a ./Core/Src/stm32g0xx_hal_msp.o
 .debug_line    0x000031d4      0x7b7 ./Core/Src/stm32g0xx_it.o
 .debug_line    0x0000398b      0x7cd ./Core/Src/system_stm32g0xx.o
 .debug_line    0x00004158       0x7b ./Core/Startup/startup_stm32g030f6px.o
 .debug_line    0x000041d3      0xa90 ./Drivers/STM32G0xx_HAL_Driver/Src/stm32g0xx_hal.o
 .debug_line    0x00004c63      0xba8 ./Drivers/STM32G0xx_HAL_Driver/Src/stm32g0xx_hal_cortex.o
 .debug_line    0x0000580b      0xb64 ./Drivers/STM32G0xx_HAL_Driver/Src/stm32g0xx_hal_gpio.o
 .debug_line    0x0000636f      0x99e ./Drivers/STM32G0xx_HAL_Driver/Src/stm32g0xx_hal_pwr_ex.o
 .debug_line    0x00006d0d      0xfce ./Drivers/STM32G0xx_HAL_Driver/Src/stm32g0xx_hal_rcc.o
 .debug_line    0x00007cdb     0x1ff8 ./Drivers/STM32G0xx_HAL_Driver/Src/stm32g0xx_hal_spi.o

.debug_str      0x00000000    0x7d304
 .debug_str     0x00000000    0x7d304 ./Core/Src/gpio.o
                              0x76adf (size before relaxing)
 .debug_str     0x0007d304        0x0 ./Core/Src/main.o
                              0x7b55f (size before relaxing)
 .debug_str     0x0007d304        0x0 ./Core/Src/mcp2515.o
                              0x7bcb8 (size before relaxing)
 .debug_str     0x0007d304        0x0 ./Core/Src/spi.o
                              0x76fe2 (size before relaxing)
 .debug_str     0x0007d304        0x0 ./Core/Src/stm32g0xx_hal_msp.o
                              0x76a14 (size before relaxing)
 .debug_str     0x0007d304        0x0 ./Core/Src/stm32g0xx_it.o
                              0x76992 (size before relaxing)
 .debug_str     0x0007d304        0x0 ./Core/Src/system_stm32g0xx.o
                              0x769cc (size before relaxing)
 .debug_str     0x0007d304        0x0 ./Core/Startup/startup_stm32g030f6px.o
                                 0x84 (size before relaxing)
 .debug_str     0x0007d304        0x0 ./Drivers/STM32G0xx_HAL_Driver/Src/stm32g0xx_hal.o
                              0x77057 (size before relaxing)
 .debug_str     0x0007d304        0x0 ./Drivers/STM32G0xx_HAL_Driver/Src/stm32g0xx_hal_cortex.o
                              0x76e1e (size before relaxing)
 .debug_str     0x0007d304        0x0 ./Drivers/STM32G0xx_HAL_Driver/Src/stm32g0xx_hal_gpio.o
                              0x76b01 (size before relaxing)
 .debug_str     0x0007d304        0x0 ./Drivers/STM32G0xx_HAL_Driver/Src/stm32g0xx_hal_pwr_ex.o
                              0x76c20 (size before relaxing)
 .debug_str     0x0007d304        0x0 ./Drivers/STM32G0xx_HAL_Driver/Src/stm32g0xx_hal_rcc.o
                              0x770f0 (size before relaxing)
 .debug_str     0x0007d304        0x0 ./Drivers/STM32G0xx_HAL_Driver/Src/stm32g0xx_hal_spi.o
                              0x773b2 (size before relaxing)

.comment        0x00000000       0x43
 .comment       0x00000000       0x43 ./Core/Src/gpio.o
                                 0x44 (size before relaxing)
 .comment       0x00000043        0x0 ./Core/Src/main.o
                                 0x44 (size before relaxing)
 .comment       0x00000043        0x0 ./Core/Src/mcp2515.o
                                 0x44 (size before relaxing)
 .comment       0x00000043        0x0 ./Core/Src/spi.o
                                 0x44 (size before relaxing)
 .comment       0x00000043        0x0 ./Core/Src/stm32g0xx_hal_msp.o
                                 0x44 (size before relaxing)
 .comment       0x00000043        0x0 ./Core/Src/stm32g0xx_it.o
                                 0x44 (size before relaxing)
 .comment       0x00000043        0x0 ./Core/Src/system_stm32g0xx.o
                                 0x44 (size before relaxing)
 .comment       0x00000043        0x0 ./Drivers/STM32G0xx_HAL_Driver/Src/stm32g0xx_hal.o
                                 0x44 (size before relaxing)
 .comment       0x00000043        0x0 ./Drivers/STM32G0xx_HAL_Driver/Src/stm32g0xx_hal_cortex.o
                                 0x44 (size before relaxing)
 .comment       0x00000043        0x0 ./Drivers/STM32G0xx_HAL_Driver/Src/stm32g0xx_hal_gpio.o
                                 0x44 (size before relaxing)
 .comment       0x00000043        0x0 ./Drivers/STM32G0xx_HAL_Driver/Src/stm32g0xx_hal_pwr_ex.o
                                 0x44 (size before relaxing)
 .comment       0x00000043        0x0 ./Drivers/STM32G0xx_HAL_Driver/Src/stm32g0xx_hal_rcc.o
                                 0x44 (size before relaxing)
 .comment       0x00000043        0x0 ./Drivers/STM32G0xx_HAL_Driver/Src/stm32g0xx_hal_spi.o
                                 0x44 (size before relaxing)

.debug_frame    0x00000000     0x1a60
 .debug_frame   0x00000000       0x30 ./Core/Src/gpio.o
 .debug_frame   0x00000030       0x88 ./Core/Src/main.o
 .debug_frame   0x000000b8      0x4d4 ./Core/Src/mcp2515.o
 .debug_frame   0x0000058c       0x6c ./Core/Src/spi.o
 .debug_frame   0x000005f8       0x30 ./Core/Src/stm32g0xx_hal_msp.o
 .debug_frame   0x00000628       0x9c ./Core/Src/stm32g0xx_it.o
 .debug_frame   0x000006c4       0x4c ./Core/Src/system_stm32g0xx.o
 .debug_frame   0x00000710      0x360 ./Drivers/STM32G0xx_HAL_Driver/Src/stm32g0xx_hal.o
 .debug_frame   0x00000a70      0x33c ./Drivers/STM32G0xx_HAL_Driver/Src/stm32g0xx_hal_cortex.o
 .debug_frame   0x00000dac      0x130 ./Drivers/STM32G0xx_HAL_Driver/Src/stm32g0xx_hal_gpio.o
 .debug_frame   0x00000edc      0x1f4 ./Drivers/STM32G0xx_HAL_Driver/Src/stm32g0xx_hal_pwr_ex.o
 .debug_frame   0x000010d0      0x214 ./Drivers/STM32G0xx_HAL_Driver/Src/stm32g0xx_hal_rcc.o
 .debug_frame   0x000012e4      0x710 ./Drivers/STM32G0xx_HAL_Driver/Src/stm32g0xx_hal_spi.o
 .debug_frame   0x000019f4       0x20 C:/ST/STM32CubeIDE_2.0.0/STM32CubeIDE/plugins/com.st.stm32cube.ide.mcu.externaltools.gnu-tools-for-stm32.13.3.rel1.win32_1.0.100.202509120712/tools/bin/../lib/gcc/arm-none-eabi/13.3.1/../../../../arm-none-eabi/lib/thumb/v6-m/nofp\libc_nano.a(libc_a-memset.o)
 .debug_frame   0x00001a14       0x2c C:/ST/STM32CubeIDE_2.0.0/STM32CubeIDE/plugins/com.st.stm32cube.ide.mcu.externaltools.gnu-tools-for-stm32.13.3.rel1.win32_1.0.100.202509120712/tools/bin/../lib/gcc/arm-none-eabi/13.3.1/../../../../arm-none-eabi/lib/thumb/v6-m/nofp\libc_nano.a(libc_a-init.o)
 .debug_frame   0x00001a40       0x20 C:/ST/STM32CubeIDE_2.0.0/STM32CubeIDE/plugins/com.st.stm32cube.ide.mcu.externaltools.gnu-tools-for-stm32.13.3.rel1.win32_1.0.100.202509120712/tools/bin/../lib/gcc/arm-none-eabi/13.3.1/thumb/v6-m/nofp\libgcc.a(_udivsi3.o)

.debug_line_str
                0x00000000       0x68
 .debug_line_str
                0x00000000       0x68 ./Core/Startup/startup_stm32g030f6px.o
